--- tick 2026-10-02 09:30:00 EDT (signals as of 09:10) ---
event day: NFP (risk x0.5)
SPY: no SPY bars — entry skipped (positions still managed)
QQQ: no QQQ bars — entry skipped (positions still managed)
equity $5,873.06 | cash $5,873.06 | open 0 | closed 17
--- tick 2026-10-02 09:31:00 EDT (signals as of 09:11) ---
event day: NFP (risk x0.5)
SPY: no setup as of 09:11 | warming up (0 bars)
QQQ: no setup as of 09:11 | warming up (0 bars)
equity $5,873.06 | cash $5,873.06 | open 0 | closed 17
--- tick 2026-10-02 09:32:00 EDT (signals as of 09:12) ---
event day: NFP (risk x0.5)
SPY: no setup as of 09:12 | warming up (0 bars)
QQQ: no setup as of 09:12 | warming up (0 bars)
equity $5,873.06 | cash $5,873.06 | open 0 | closed 17
--- tick 2026-10-02 09:33:00 EDT (signals as of 09:13) ---
event day: NFP (risk x0.5)
SPY: no setup as of 09:13 | warming up (0 bars)
QQQ: no setup as of 09:13 | warming up (0 bars)
equity $5,873.06 | cash $5,873.06 | open 0 | closed 17
--- tick 2026-10-02 09:34:00 EDT (signals as of 09:14) ---
event day: NFP (risk x0.5)
SPY: no setup as of 09:14 | warming up (0 bars)
QQQ: no setup as of 09:14 | warming up (0 bars)
equity $5,873.06 | cash $5,873.06 | open 0 | closed 17
--- tick 2026-10-02 09:35:00 EDT (signals as of 09:15) ---
event day: NFP (risk x0.5)
SPY: no setup as of 09:15 | warming up (0 bars)
QQQ: no setup as of 09:15 | warming up (0 bars)
equity $5,873.06 | cash $5,873.06 | open 0 | closed 17
--- tick 2026-10-02 09:36:00 EDT (signals as of 09:16) ---
event day: NFP (risk x0.5)
SPY: no setup as of 09:16 | warming up (0 bars)
QQQ: no setup as of 09:16 | warming up (0 bars)
equity $5,873.06 | cash $5,873.06 | open 0 | closed 17
--- tick 2026-10-02 09:37:00 EDT (signals as of 09:17) ---
event day: NFP (risk x0.5)
SPY: no setup as of 09:17 | warming up (0 bars)
QQQ: no setup as of 09:17 | warming up (0 bars)
equity $5,873.06 | cash $5,873.06 | open 0 | closed 17
--- tick 2026-10-02 09:38:00 EDT (signals as of 09:18) ---
event day: NFP (risk x0.5)
SPY: no setup as of 09:18 | warming up (0 bars)
QQQ: no setup as of 09:18 | warming up (0 bars)
equity $5,873.06 | cash $5,873.06 | open 0 | closed 17
--- tick 2026-10-02 09:39:00 EDT (signals as of 09:19) ---
event day: NFP (risk x0.5)
SPY: no setup as of 09:19 | warming up (0 bars)
QQQ: no setup as of 09:19 | warming up (0 bars)
equity $5,873.06 | cash $5,873.06 | open 0 | closed 17
