--- tick 2026-10-09 09:30:00 EDT (signals as of 09:10) ---
SPY: no SPY bars — entry skipped (positions still managed)
QQQ: no setup as of 09:10 | warming up (0 bars)
equity $5,320.26 | cash $5,320.26 | open 0 | closed 28
--- tick 2026-10-09 09:31:00 EDT (signals as of 09:11) ---
SPY: no setup as of 09:11 | warming up (0 bars)
QQQ: no setup as of 09:11 | warming up (0 bars)
equity $5,320.26 | cash $5,320.26 | open 0 | closed 28
--- tick 2026-10-09 09:32:00 EDT (signals as of 09:12) ---
SPY: no setup as of 09:12 | warming up (0 bars)
QQQ: no setup as of 09:12 | warming up (0 bars)
equity $5,320.26 | cash $5,320.26 | open 0 | closed 28
--- tick 2026-10-09 09:33:00 EDT (signals as of 09:13) ---
SPY: no setup as of 09:13 | warming up (0 bars)
QQQ: no setup as of 09:13 | warming up (0 bars)
equity $5,320.26 | cash $5,320.26 | open 0 | closed 28
--- tick 2026-10-09 09:34:00 EDT (signals as of 09:14) ---
SPY: no setup as of 09:14 | warming up (0 bars)
QQQ: no setup as of 09:14 | warming up (0 bars)
equity $5,320.26 | cash $5,320.26 | open 0 | closed 28
