--- tick 2026-10-06 09:30:00 EDT (signals as of 09:10) ---
SPY: no SPY bars — entry skipped (positions still managed)
QQQ: no QQQ bars — entry skipped (positions still managed)
equity $6,003.32 | cash $6,003.32 | open 0 | closed 22
--- tick 2026-10-06 09:31:00 EDT (signals as of 09:11) ---
SPY: no setup as of 09:11 | warming up (0 bars)
QQQ: no setup as of 09:11 | warming up (0 bars)
equity $6,003.32 | cash $6,003.32 | open 0 | closed 22
--- tick 2026-10-06 09:32:00 EDT (signals as of 09:12) ---
SPY: no setup as of 09:12 | warming up (0 bars)
QQQ: no setup as of 09:12 | warming up (0 bars)
equity $6,003.32 | cash $6,003.32 | open 0 | closed 22
--- tick 2026-10-06 09:33:00 EDT (signals as of 09:13) ---
SPY: no setup as of 09:13 | warming up (0 bars)
QQQ: no setup as of 09:13 | warming up (0 bars)
equity $6,003.32 | cash $6,003.32 | open 0 | closed 22
--- tick 2026-10-06 09:34:00 EDT (signals as of 09:14) ---
SPY: no setup as of 09:14 | warming up (0 bars)
QQQ: no setup as of 09:14 | warming up (0 bars)
equity $6,003.32 | cash $6,003.32 | open 0 | closed 22
