--- tick 2026-09-29 09:30:00 EDT (signals as of 09:10) ---
SPY: no SPY bars — entry skipped (positions still managed)
QQQ: no QQQ bars — entry skipped (positions still managed)
equity $6,923.85 | cash $6,923.85 | open 0 | closed 10
--- tick 2026-09-29 09:31:00 EDT (signals as of 09:11) ---
SPY: no setup as of 09:11 | warming up (0 bars)
QQQ: no setup as of 09:11 | warming up (0 bars)
equity $6,923.85 | cash $6,923.85 | open 0 | closed 10
--- tick 2026-09-29 09:32:00 EDT (signals as of 09:12) ---
SPY: no setup as of 09:12 | warming up (0 bars)
QQQ: no setup as of 09:12 | warming up (0 bars)
equity $6,923.85 | cash $6,923.85 | open 0 | closed 10
--- tick 2026-09-29 09:33:00 EDT (signals as of 09:13) ---
SPY: no setup as of 09:13 | warming up (0 bars)
QQQ: no setup as of 09:13 | warming up (0 bars)
equity $6,923.85 | cash $6,923.85 | open 0 | closed 10
--- tick 2026-09-29 09:34:00 EDT (signals as of 09:14) ---
SPY: no setup as of 09:14 | warming up (0 bars)
QQQ: no setup as of 09:14 | warming up (0 bars)
equity $6,923.85 | cash $6,923.85 | open 0 | closed 10
--- tick 2026-09-29 09:35:00 EDT (signals as of 09:15) ---
SPY: no setup as of 09:15 | warming up (0 bars)
QQQ: no setup as of 09:15 | warming up (0 bars)
equity $6,923.85 | cash $6,923.85 | open 0 | closed 10
--- tick 2026-09-29 09:36:00 EDT (signals as of 09:16) ---
SPY: no setup as of 09:16 | warming up (0 bars)
QQQ: no setup as of 09:16 | warming up (0 bars)
equity $6,923.85 | cash $6,923.85 | open 0 | closed 10
--- tick 2026-09-29 09:37:00 EDT (signals as of 09:17) ---
SPY: no setup as of 09:17 | warming up (0 bars)
QQQ: no setup as of 09:17 | warming up (0 bars)
equity $6,923.85 | cash $6,923.85 | open 0 | closed 10
--- tick 2026-09-29 09:38:00 EDT (signals as of 09:18) ---
SPY: no setup as of 09:18 | warming up (0 bars)
QQQ: no setup as of 09:18 | warming up (0 bars)
equity $6,923.85 | cash $6,923.85 | open 0 | closed 10
--- tick 2026-09-29 09:39:00 EDT (signals as of 09:19) ---
SPY: no setup as of 09:19 | warming up (0 bars)
QQQ: no setup as of 09:19 | warming up (0 bars)
equity $6,923.85 | cash $6,923.85 | open 0 | closed 10
--- tick 2026-09-29 09:40:00 EDT (signals as of 09:20) ---
SPY: no setup as of 09:20 | warming up (0 bars)
QQQ: no setup as of 09:20 | warming up (0 bars)
equity $6,923.85 | cash $6,923.85 | open 0 | closed 10
--- tick 2026-09-29 09:41:00 EDT (signals as of 09:21) ---
SPY: no setup as of 09:21 | warming up (0 bars)
QQQ: no setup as of 09:21 | warming up (0 bars)
equity $6,923.85 | cash $6,923.85 | open 0 | closed 10
--- tick 2026-09-29 09:42:00 EDT (signals as of 09:22) ---
SPY: no setup as of 09:22 | warming up (0 bars)
QQQ: no setup as of 09:22 | warming up (0 bars)
equity $6,923.85 | cash $6,923.85 | open 0 | closed 10
--- tick 2026-09-29 09:43:00 EDT (signals as of 09:23) ---
SPY: no setup as of 09:23 | warming up (0 bars)
QQQ: no setup as of 09:23 | warming up (0 bars)
equity $6,923.85 | cash $6,923.85 | open 0 | closed 10
--- tick 2026-09-29 09:44:00 EDT (signals as of 09:24) ---
SPY: no setup as of 09:24 | warming up (0 bars)
QQQ: no setup as of 09:24 | warming up (0 bars)
equity $6,923.85 | cash $6,923.85 | open 0 | closed 10
--- tick 2026-09-29 09:45:00 EDT (signals as of 09:25) ---
SPY: no setup as of 09:25 | warming up (0 bars)
QQQ: no setup as of 09:25 | warming up (0 bars)
equity $6,923.85 | cash $6,923.85 | open 0 | closed 10
--- tick 2026-09-29 09:46:00 EDT (signals as of 09:26) ---
SPY: no setup as of 09:26 | warming up (0 bars)
QQQ: no setup as of 09:26 | warming up (0 bars)
equity $6,923.85 | cash $6,923.85 | open 0 | closed 10
--- tick 2026-09-29 09:47:00 EDT (signals as of 09:27) ---
SPY: no setup as of 09:27 | warming up (0 bars)
QQQ: no setup as of 09:27 | warming up (0 bars)
equity $6,923.85 | cash $6,923.85 | open 0 | closed 10
--- tick 2026-09-29 09:48:00 EDT (signals as of 09:28) ---
SPY: no setup as of 09:28 | warming up (0 bars)
QQQ: no setup as of 09:28 | warming up (0 bars)
equity $6,923.85 | cash $6,923.85 | open 0 | closed 10
--- tick 2026-09-29 09:49:00 EDT (signals as of 09:29) ---
SPY: no setup as of 09:29 | warming up (0 bars)
QQQ: no setup as of 09:29 | warming up (0 bars)
equity $6,923.85 | cash $6,923.85 | open 0 | closed 10
--- tick 2026-09-29 09:50:00 EDT (signals as of 09:30) ---
SPY: no setup as of 09:30 | warming up (0 bars)
QQQ: no setup as of 09:30 | warming up (0 bars)
equity $6,923.85 | cash $6,923.85 | open 0 | closed 10
--- tick 2026-09-29 09:51:00 EDT (signals as of 09:31) ---
SPY: no setup as of 09:31 | warming up (0 bars)
QQQ: no setup as of 09:31 | warming up (0 bars)
equity $6,923.85 | cash $6,923.85 | open 0 | closed 10
--- tick 2026-09-29 09:52:00 EDT (signals as of 09:32) ---
SPY: no setup as of 09:32 | warming up (0 bars)
QQQ: no setup as of 09:32 | warming up (0 bars)
equity $6,923.85 | cash $6,923.85 | open 0 | closed 10
--- tick 2026-09-29 09:53:00 EDT (signals as of 09:33) ---
SPY: no setup as of 09:33 | warming up (0 bars)
QQQ: no setup as of 09:33 | warming up (0 bars)
equity $6,923.85 | cash $6,923.85 | open 0 | closed 10
--- tick 2026-09-29 09:54:00 EDT (signals as of 09:34) ---
SPY: no setup as of 09:34 | warming up (0 bars)
QQQ: no setup as of 09:34 | warming up (0 bars)
equity $6,923.85 | cash $6,923.85 | open 0 | closed 10
--- tick 2026-09-29 09:55:00 EDT (signals as of 09:35) ---
SPY: no setup as of 09:35 | warming up (1 bars)
QQQ: no setup as of 09:35 | warming up (1 bars)
equity $6,923.85 | cash $6,923.85 | open 0 | closed 10
--- tick 2026-09-29 09:56:00 EDT (signals as of 09:36) ---
SPY: no setup as of 09:36 | warming up (1 bars)
QQQ: no setup as of 09:36 | warming up (1 bars)
equity $6,923.85 | cash $6,923.85 | open 0 | closed 10
--- tick 2026-09-29 09:57:00 EDT (signals as of 09:37) ---
SPY: no setup as of 09:37 | warming up (1 bars)
QQQ: no setup as of 09:37 | warming up (1 bars)
equity $6,923.85 | cash $6,923.85 | open 0 | closed 10
--- tick 2026-09-29 09:58:00 EDT (signals as of 09:38) ---
SPY: no setup as of 09:38 | warming up (1 bars)
QQQ: no setup as of 09:38 | warming up (1 bars)
equity $6,923.85 | cash $6,923.85 | open 0 | closed 10
--- tick 2026-09-29 09:59:00 EDT (signals as of 09:39) ---
SPY: no setup as of 09:39 | warming up (1 bars)
QQQ: no setup as of 09:39 | warming up (1 bars)
equity $6,923.85 | cash $6,923.85 | open 0 | closed 10
--- tick 2026-09-29 10:00:00 EDT (signals as of 09:40) ---
SPY: no setup as of 09:40 | warming up (2 bars)
QQQ: no setup as of 09:40 | warming up (2 bars)
equity $6,923.85 | cash $6,923.85 | open 0 | closed 10
--- tick 2026-09-29 10:01:00 EDT (signals as of 09:41) ---
SPY: no setup as of 09:41 | warming up (2 bars)
QQQ: no setup as of 09:41 | warming up (2 bars)
equity $6,923.85 | cash $6,923.85 | open 0 | closed 10
--- tick 2026-09-29 10:02:00 EDT (signals as of 09:42) ---
SPY: no setup as of 09:42 | warming up (2 bars)
QQQ: no setup as of 09:42 | warming up (2 bars)
equity $6,923.85 | cash $6,923.85 | open 0 | closed 10
--- tick 2026-09-29 10:03:00 EDT (signals as of 09:43) ---
SPY: no setup as of 09:43 | warming up (2 bars)
QQQ: no setup as of 09:43 | warming up (2 bars)
equity $6,923.85 | cash $6,923.85 | open 0 | closed 10
--- tick 2026-09-29 10:04:00 EDT (signals as of 09:44) ---
SPY: no setup as of 09:44 | warming up (2 bars)
QQQ: no setup as of 09:44 | warming up (2 bars)
equity $6,923.85 | cash $6,923.85 | open 0 | closed 10
--- tick 2026-09-29 10:05:00 EDT (signals as of 09:45) ---
SPY: no setup as of 09:45 | warming up (3 bars)
QQQ: no setup as of 09:45 | warming up (3 bars)
equity $6,923.85 | cash $6,923.85 | open 0 | closed 10
--- tick 2026-09-29 10:06:00 EDT (signals as of 09:46) ---
SPY: no setup as of 09:46 | warming up (3 bars)
QQQ: no setup as of 09:46 | warming up (3 bars)
equity $6,923.85 | cash $6,923.85 | open 0 | closed 10
--- tick 2026-09-29 10:07:00 EDT (signals as of 09:47) ---
SPY: no setup as of 09:47 | warming up (3 bars)
QQQ: no setup as of 09:47 | warming up (3 bars)
equity $6,923.85 | cash $6,923.85 | open 0 | closed 10
--- tick 2026-09-29 10:08:00 EDT (signals as of 09:48) ---
SPY: no setup as of 09:48 | warming up (3 bars)
QQQ: no setup as of 09:48 | warming up (3 bars)
equity $6,923.85 | cash $6,923.85 | open 0 | closed 10
--- tick 2026-09-29 10:09:00 EDT (signals as of 09:49) ---
SPY: no setup as of 09:49 | warming up (3 bars)
QQQ: no setup as of 09:49 | warming up (3 bars)
equity $6,923.85 | cash $6,923.85 | open 0 | closed 10
--- tick 2026-09-29 10:10:00 EDT (signals as of 09:50) ---
SPY: no setup as of 09:50 | warming up (4 bars)
QQQ: no setup as of 09:50 | warming up (4 bars)
equity $6,923.85 | cash $6,923.85 | open 0 | closed 10
--- tick 2026-09-29 10:11:00 EDT (signals as of 09:51) ---
SPY: no setup as of 09:51 | warming up (4 bars)
QQQ: no setup as of 09:51 | warming up (4 bars)
equity $6,923.85 | cash $6,923.85 | open 0 | closed 10
--- tick 2026-09-29 10:12:00 EDT (signals as of 09:52) ---
SPY: no setup as of 09:52 | warming up (4 bars)
QQQ: no setup as of 09:52 | warming up (4 bars)
equity $6,923.85 | cash $6,923.85 | open 0 | closed 10
--- tick 2026-09-29 10:13:00 EDT (signals as of 09:53) ---
SPY: no setup as of 09:53 | warming up (4 bars)
QQQ: no setup as of 09:53 | warming up (4 bars)
equity $6,923.85 | cash $6,923.85 | open 0 | closed 10
--- tick 2026-09-29 10:14:00 EDT (signals as of 09:54) ---
SPY: no setup as of 09:54 | warming up (4 bars)
QQQ: no setup as of 09:54 | warming up (4 bars)
equity $6,923.85 | cash $6,923.85 | open 0 | closed 10
--- tick 2026-09-29 10:15:00 EDT (signals as of 09:55) ---
SPY: no setup as of 09:55 | warming up (5 bars)
QQQ: no setup as of 09:55 | warming up (5 bars)
equity $6,923.85 | cash $6,923.85 | open 0 | closed 10
--- tick 2026-09-29 10:16:00 EDT (signals as of 09:56) ---
SPY: no setup as of 09:56 | warming up (5 bars)
QQQ: no setup as of 09:56 | warming up (5 bars)
equity $6,923.85 | cash $6,923.85 | open 0 | closed 10
--- tick 2026-09-29 10:17:00 EDT (signals as of 09:57) ---
SPY: no setup as of 09:57 | warming up (5 bars)
QQQ: no setup as of 09:57 | warming up (5 bars)
equity $6,923.85 | cash $6,923.85 | open 0 | closed 10
--- tick 2026-09-29 10:18:00 EDT (signals as of 09:58) ---
SPY: no setup as of 09:58 | warming up (5 bars)
QQQ: no setup as of 09:58 | warming up (5 bars)
equity $6,923.85 | cash $6,923.85 | open 0 | closed 10
--- tick 2026-09-29 10:19:00 EDT (signals as of 09:59) ---
SPY: no setup as of 09:59 | warming up (5 bars)
QQQ: no setup as of 09:59 | warming up (5 bars)
equity $6,923.85 | cash $6,923.85 | open 0 | closed 10
--- tick 2026-09-29 10:20:00 EDT (signals as of 10:00) ---
SPY: no setup as of 10:00 | trend down | vwap 765.68 | last low - high - | close 764.72
QQQ: no setup as of 10:00 | trend down | vwap 738.45 | last low 736.27@0940 high - | close 737.79
equity $6,923.85 | cash $6,923.85 | open 0 | closed 10
--- tick 2026-09-29 10:21:00 EDT (signals as of 10:01) ---
SPY: no setup as of 10:01 | trend down | vwap 765.66 | last low - high - | close 764.72
QQQ: no setup as of 10:01 | trend down | vwap 738.45 | last low 736.27@0940 high - | close 737.79
equity $6,923.85 | cash $6,923.85 | open 0 | closed 10
--- tick 2026-09-29 10:22:00 EDT (signals as of 10:02) ---
SPY: no setup as of 10:02 | trend down | vwap 765.66 | last low - high - | close 764.72
QQQ: no setup as of 10:02 | trend down | vwap 738.44 | last low 736.27@0940 high - | close 737.79
equity $6,923.85 | cash $6,923.85 | open 0 | closed 10
--- tick 2026-09-29 10:23:00 EDT (signals as of 10:03) ---
SPY: no setup as of 10:03 | trend down | vwap 765.64 | last low - high - | close 764.72
QQQ: no setup as of 10:03 | trend down | vwap 738.43 | last low 736.27@0940 high - | close 737.79
equity $6,923.85 | cash $6,923.85 | open 0 | closed 10
--- tick 2026-09-29 10:24:00 EDT (signals as of 10:04) ---
SPY: no setup as of 10:04 | trend down | vwap 765.63 | last low - high - | close 764.72
QQQ: no setup as of 10:04 | trend down | vwap 738.43 | last low 736.27@0940 high - | close 737.79
equity $6,923.85 | cash $6,923.85 | open 0 | closed 10
--- tick 2026-09-29 10:25:00 EDT (signals as of 10:05) ---
SPY: no setup as of 10:05 | trend down | vwap 765.62 | last low - high - | close 764.91
QQQ: no setup as of 10:05 | trend down | vwap 738.43 | last low 736.27@0940 high - | close 738.24
equity $6,923.85 | cash $6,923.85 | open 0 | closed 10
--- tick 2026-09-29 10:26:00 EDT (signals as of 10:06) ---
SPY: no setup as of 10:06 | trend down | vwap 765.61 | last low - high - | close 764.91
QQQ: no setup as of 10:06 | trend down | vwap 738.42 | last low 736.27@0940 high - | close 738.24
equity $6,923.85 | cash $6,923.85 | open 0 | closed 10
--- tick 2026-09-29 10:27:00 EDT (signals as of 10:07) ---
SPY: no setup as of 10:07 | trend down | vwap 765.61 | last low - high - | close 764.91
QQQ: no setup as of 10:07 | trend down | vwap 738.42 | last low 736.27@0940 high - | close 738.24
equity $6,923.85 | cash $6,923.85 | open 0 | closed 10
--- tick 2026-09-29 10:28:00 EDT (signals as of 10:08) ---
SPY: no setup as of 10:08 | trend down | vwap 765.60 | last low - high - | close 764.91
QQQ: no setup as of 10:08 | trend down | vwap 738.42 | last low 736.27@0940 high - | close 738.24
equity $6,923.85 | cash $6,923.85 | open 0 | closed 10
--- tick 2026-09-29 10:29:00 EDT (signals as of 10:09) ---
SPY: no setup as of 10:09 | trend down | vwap 765.60 | last low - high - | close 764.91
QQQ: no setup as of 10:09 | trend down | vwap 738.42 | last low 736.27@0940 high - | close 738.24
equity $6,923.85 | cash $6,923.85 | open 0 | closed 10
--- tick 2026-09-29 10:30:00 EDT (signals as of 10:10) ---
SPY: no setup as of 10:10 | trend down | vwap 765.59 | last low 764.60@0955 high 765.66@0955 | close 765.03
QQQ: no setup as of 10:10 | trend down | vwap 738.41 | last low 736.27@0940 high - | close 737.73
equity $6,923.85 | cash $6,923.85 | open 0 | closed 10
--- tick 2026-09-29 10:31:00 EDT (signals as of 10:11) ---
SPY: no setup as of 10:11 | trend down | vwap 765.59 | last low 764.60@0955 high 765.66@0955 | close 765.03
QQQ: no setup as of 10:11 | trend down | vwap 738.40 | last low 736.27@0940 high - | close 737.73
equity $6,923.85 | cash $6,923.85 | open 0 | closed 10
--- tick 2026-09-29 10:32:00 EDT (signals as of 10:12) ---
SPY: no setup as of 10:12 | trend down | vwap 765.58 | last low 764.60@0955 high 765.66@0955 | close 765.03
QQQ: no setup as of 10:12 | trend down | vwap 738.40 | last low 736.27@0940 high - | close 737.73
equity $6,923.85 | cash $6,923.85 | open 0 | closed 10
--- tick 2026-09-29 10:33:00 EDT (signals as of 10:13) ---
SPY: no setup as of 10:13 | trend down | vwap 765.57 | last low 764.60@0955 high 765.66@0955 | close 765.03
QQQ: no setup as of 10:13 | trend down | vwap 738.39 | last low 736.27@0940 high - | close 737.73
equity $6,923.85 | cash $6,923.85 | open 0 | closed 10
--- tick 2026-09-29 10:34:00 EDT (signals as of 10:14) ---
SPY: no setup as of 10:14 | trend down | vwap 765.57 | last low 764.60@0955 high 765.66@0955 | close 765.03
QQQ: no setup as of 10:14 | trend down | vwap 738.39 | last low 736.27@0940 high - | close 737.73
equity $6,923.85 | cash $6,923.85 | open 0 | closed 10
--- tick 2026-09-29 10:35:00 EDT (signals as of 10:15) ---
SPY: no setup as of 10:15 | trend down | vwap 765.57 | last low 764.60@0955 high 765.66@0955 | close 765.16
QQQ: no setup as of 10:15 | trend none | vwap 738.39 | last low 736.27@0940 high 738.92@1000 | close 738.24
equity $6,923.85 | cash $6,923.85 | open 0 | closed 10
--- tick 2026-09-29 10:36:00 EDT (signals as of 10:16) ---
SPY: no setup as of 10:16 | trend down | vwap 765.56 | last low 764.60@0955 high 765.66@0955 | close 765.16
QQQ: no setup as of 10:16 | trend none | vwap 738.38 | last low 736.27@0940 high 738.92@1000 | close 738.24
equity $6,923.85 | cash $6,923.85 | open 0 | closed 10
--- tick 2026-09-29 10:37:00 EDT (signals as of 10:17) ---
SPY: no setup as of 10:17 | trend down | vwap 765.56 | last low 764.60@0955 high 765.66@0955 | close 765.16
QQQ: no setup as of 10:17 | trend none | vwap 738.38 | last low 736.27@0940 high 738.92@1000 | close 738.24
equity $6,923.85 | cash $6,923.85 | open 0 | closed 10
--- tick 2026-09-29 10:38:00 EDT (signals as of 10:18) ---
SPY: no setup as of 10:18 | trend down | vwap 765.55 | last low 764.60@0955 high 765.66@0955 | close 765.16
QQQ: no setup as of 10:18 | trend none | vwap 738.38 | last low 736.27@0940 high 738.92@1000 | close 738.24
equity $6,923.85 | cash $6,923.85 | open 0 | closed 10
--- tick 2026-09-29 10:39:00 EDT (signals as of 10:19) ---
SPY: no setup as of 10:19 | trend down | vwap 765.55 | last low 764.60@0955 high 765.66@0955 | close 765.16
QQQ: no setup as of 10:19 | trend none | vwap 738.39 | last low 736.27@0940 high 738.92@1000 | close 738.24
equity $6,923.85 | cash $6,923.85 | open 0 | closed 10
--- tick 2026-09-29 10:40:00 EDT (signals as of 10:20) ---
SPY: no setup as of 10:20 | trend down | vwap 765.55 | last low 764.60@0955 high 765.66@0955 | close 765.38
QQQ: no setup as of 10:20 | trend up | vwap 738.39 | last low 736.27@0940 high 738.92@1000 | close 739.00
equity $6,923.85 | cash $6,923.85 | open 0 | closed 10
--- tick 2026-09-29 10:41:00 EDT (signals as of 10:21) ---
SPY: no setup as of 10:21 | trend down | vwap 765.54 | last low 764.60@0955 high 765.66@0955 | close 765.38
QQQ: no setup as of 10:21 | trend up | vwap 738.40 | last low 736.27@0940 high 738.92@1000 | close 739.00
equity $6,923.85 | cash $6,923.85 | open 0 | closed 10
--- tick 2026-09-29 10:42:00 EDT (signals as of 10:22) ---
SPY: no setup as of 10:22 | trend down | vwap 765.53 | last low 764.60@0955 high 765.66@0955 | close 765.38
QQQ: no setup as of 10:22 | trend up | vwap 738.40 | last low 736.27@0940 high 738.92@1000 | close 739.00
equity $6,923.85 | cash $6,923.85 | open 0 | closed 10
--- tick 2026-09-29 10:43:00 EDT (signals as of 10:23) ---
SPY: no setup as of 10:23 | trend down | vwap 765.53 | last low 764.60@0955 high 765.66@0955 | close 765.38
QQQ: no setup as of 10:23 | trend up | vwap 738.40 | last low 736.27@0940 high 738.92@1000 | close 739.00
equity $6,923.85 | cash $6,923.85 | open 0 | closed 10
--- tick 2026-09-29 10:44:00 EDT (signals as of 10:24) ---
SPY: no setup as of 10:24 | trend down | vwap 765.52 | last low 764.60@0955 high 765.66@0955 | close 765.38
QQQ: no setup as of 10:24 | trend up | vwap 738.42 | last low 736.27@0940 high 738.92@1000 | close 739.00
equity $6,923.85 | cash $6,923.85 | open 0 | closed 10
--- tick 2026-09-29 10:45:00 EDT (signals as of 10:25) ---
SPY: no setup as of 10:25 | trend down | vwap 765.52 | last low 764.60@0955 high 765.66@0955 | close 765.03
QQQ: no setup as of 10:25 | trend up | vwap 738.42 | last low 737.33@1010 high 738.92@1000 | close 739.13
equity $6,923.85 | cash $6,923.85 | open 0 | closed 10
--- tick 2026-09-29 10:46:00 EDT (signals as of 10:26) ---
SPY: no setup as of 10:26 | trend down | vwap 765.51 | last low 764.60@0955 high 765.66@0955 | close 765.03
QQQ: no setup as of 10:26 | trend up | vwap 738.43 | last low 737.33@1010 high 738.92@1000 | close 739.13
equity $6,923.85 | cash $6,923.85 | open 0 | closed 10
--- tick 2026-09-29 10:47:00 EDT (signals as of 10:27) ---
SPY: no setup as of 10:27 | trend down | vwap 765.51 | last low 764.60@0955 high 765.66@0955 | close 765.03
QQQ: no setup as of 10:27 | trend up | vwap 738.44 | last low 737.33@1010 high 738.92@1000 | close 739.13
equity $6,923.85 | cash $6,923.85 | open 0 | closed 10
--- tick 2026-09-29 10:48:00 EDT (signals as of 10:28) ---
SPY: no setup as of 10:28 | trend down | vwap 765.51 | last low 764.60@0955 high 765.66@0955 | close 765.03
QQQ: no setup as of 10:28 | trend up | vwap 738.47 | last low 737.33@1010 high 738.92@1000 | close 739.13
equity $6,923.85 | cash $6,923.85 | open 0 | closed 10
--- tick 2026-09-29 10:49:00 EDT (signals as of 10:29) ---
SPY: no setup as of 10:29 | trend down | vwap 765.51 | last low 764.60@0955 high 765.66@0955 | close 765.03
QQQ: no setup as of 10:29 | trend up | vwap 738.48 | last low 737.33@1010 high 738.92@1000 | close 739.13
equity $6,923.85 | cash $6,923.85 | open 0 | closed 10
--- tick 2026-09-29 10:50:00 EDT (signals as of 10:30) ---
SPY: no setup as of 10:30 | trend down | vwap 765.51 | last low 764.60@0955 high 765.66@0955 | close 765.31
QQQ: no setup as of 10:30 | trend up | vwap 738.50 | last low 737.33@1010 high 738.92@1000 | close 739.29
equity $6,923.85 | cash $6,923.85 | open 0 | closed 10
--- tick 2026-09-29 10:51:00 EDT (signals as of 10:31) ---
SPY: no setup as of 10:31 | trend down | vwap 765.51 | last low 764.60@0955 high 765.66@0955 | close 765.31
QQQ: no setup as of 10:31 | trend up | vwap 738.51 | last low 737.33@1010 high 738.92@1000 | close 739.29
equity $6,923.85 | cash $6,923.85 | open 0 | closed 10
--- tick 2026-09-29 10:52:00 EDT (signals as of 10:32) ---
SPY: no setup as of 10:32 | trend down | vwap 765.51 | last low 764.60@0955 high 765.66@0955 | close 765.31
QQQ: no setup as of 10:32 | trend up | vwap 738.52 | last low 737.33@1010 high 738.92@1000 | close 739.29
equity $6,923.85 | cash $6,923.85 | open 0 | closed 10
--- tick 2026-09-29 10:53:00 EDT (signals as of 10:33) ---
SPY: no setup as of 10:33 | trend down | vwap 765.51 | last low 764.60@0955 high 765.66@0955 | close 765.31
QQQ: no setup as of 10:33 | trend up | vwap 738.54 | last low 737.33@1010 high 738.92@1000 | close 739.29
equity $6,923.85 | cash $6,923.85 | open 0 | closed 10
--- tick 2026-09-29 10:54:00 EDT (signals as of 10:34) ---
SPY: no setup as of 10:34 | trend down | vwap 765.50 | last low 764.60@0955 high 765.66@0955 | close 765.31
QQQ: no setup as of 10:34 | trend up | vwap 738.55 | last low 737.33@1010 high 738.92@1000 | close 739.29
equity $6,923.85 | cash $6,923.85 | open 0 | closed 10
--- tick 2026-09-29 10:55:00 EDT (signals as of 10:35) ---
SPY: no setup as of 10:35 | trend down | vwap 765.50 | last low 764.60@0955 high 765.66@0955 | close 765.33
QQQ: no setup as of 10:35 | trend up | vwap 738.55 | last low 737.33@1010 high 738.92@1000 | close 739.70
equity $6,923.85 | cash $6,923.85 | open 0 | closed 10
--- tick 2026-09-29 10:56:00 EDT (signals as of 10:36) ---
SPY: no setup as of 10:36 | trend down | vwap 765.50 | last low 764.60@0955 high 765.66@0955 | close 765.33
QQQ: no setup as of 10:36 | trend up | vwap 738.57 | last low 737.33@1010 high 738.92@1000 | close 739.70
equity $6,923.85 | cash $6,923.85 | open 0 | closed 10
--- tick 2026-09-29 10:57:00 EDT (signals as of 10:37) ---
SPY: no setup as of 10:37 | trend down | vwap 765.50 | last low 764.60@0955 high 765.66@0955 | close 765.33
QQQ: no setup as of 10:37 | trend up | vwap 738.57 | last low 737.33@1010 high 738.92@1000 | close 739.70
equity $6,923.85 | cash $6,923.85 | open 0 | closed 10
--- tick 2026-09-29 10:58:00 EDT (signals as of 10:38) ---
SPY: no setup as of 10:38 | trend down | vwap 765.49 | last low 764.60@0955 high 765.66@0955 | close 765.33
QQQ: no setup as of 10:38 | trend up | vwap 738.60 | last low 737.33@1010 high 738.92@1000 | close 739.70
equity $6,923.85 | cash $6,923.85 | open 0 | closed 10
--- tick 2026-09-29 10:59:00 EDT (signals as of 10:39) ---
SPY: no setup as of 10:39 | trend down | vwap 765.49 | last low 764.60@0955 high 765.66@0955 | close 765.33
QQQ: no setup as of 10:39 | trend up | vwap 738.61 | last low 737.33@1010 high 738.92@1000 | close 739.70
equity $6,923.85 | cash $6,923.85 | open 0 | closed 10
--- tick 2026-09-29 11:00:00 EDT (signals as of 10:40) ---
SPY: no setup as of 10:40 | trend down | vwap 765.49 | last low 764.60@0955 high 765.75@1025 | close 765.36
QQQ: no setup as of 10:40 | trend up | vwap 738.61 | last low 737.33@1010 high 738.92@1000 | close 739.53
equity $6,923.85 | cash $6,923.85 | open 0 | closed 10
--- tick 2026-09-29 11:01:00 EDT (signals as of 10:41) ---
SPY: no setup as of 10:41 | trend down | vwap 765.49 | last low 764.60@0955 high 765.75@1025 | close 765.36
QQQ: no setup as of 10:41 | trend up | vwap 738.62 | last low 737.33@1010 high 738.92@1000 | close 739.53
equity $6,923.85 | cash $6,923.85 | open 0 | closed 10
--- tick 2026-09-29 11:02:00 EDT (signals as of 10:42) ---
SPY: no setup as of 10:42 | trend down | vwap 765.48 | last low 764.60@0955 high 765.75@1025 | close 765.36
QQQ: no setup as of 10:42 | trend up | vwap 738.63 | last low 737.33@1010 high 738.92@1000 | close 739.53
equity $6,923.85 | cash $6,923.85 | open 0 | closed 10
--- tick 2026-09-29 11:03:00 EDT (signals as of 10:43) ---
SPY: no setup as of 10:43 | trend down | vwap 765.48 | last low 764.60@0955 high 765.75@1025 | close 765.36
QQQ: no setup as of 10:43 | trend up | vwap 738.63 | last low 737.33@1010 high 738.92@1000 | close 739.53
equity $6,923.85 | cash $6,923.85 | open 0 | closed 10
--- tick 2026-09-29 11:04:00 EDT (signals as of 10:44) ---
SPY: no setup as of 10:44 | trend down | vwap 765.48 | last low 764.60@0955 high 765.75@1025 | close 765.36
QQQ: no setup as of 10:44 | trend up | vwap 738.63 | last low 737.33@1010 high 738.92@1000 | close 739.53
equity $6,923.85 | cash $6,923.85 | open 0 | closed 10
--- tick 2026-09-29 11:05:00 EDT (signals as of 10:45) ---
SPY: no setup as of 10:45 | trend down | vwap 765.47 | last low 764.60@0955 high 765.75@1025 | close 765.08
QQQ: no setup as of 10:45 | trend up | vwap 738.63 | last low 737.33@1010 high 738.92@1000 | close 739.24
equity $6,923.85 | cash $6,923.85 | open 0 | closed 10
--- tick 2026-09-29 11:06:00 EDT (signals as of 10:46) ---
SPY: no setup as of 10:46 | trend down | vwap 765.47 | last low 764.60@0955 high 765.75@1025 | close 765.08
QQQ: no setup as of 10:46 | trend up | vwap 738.64 | last low 737.33@1010 high 738.92@1000 | close 739.24
equity $6,923.85 | cash $6,923.85 | open 0 | closed 10
--- tick 2026-09-29 11:07:00 EDT (signals as of 10:47) ---
SPY: no setup as of 10:47 | trend down | vwap 765.47 | last low 764.60@0955 high 765.75@1025 | close 765.08
QQQ: no setup as of 10:47 | trend up | vwap 738.64 | last low 737.33@1010 high 738.92@1000 | close 739.24
equity $6,923.85 | cash $6,923.85 | open 0 | closed 10
--- tick 2026-09-29 11:08:00 EDT (signals as of 10:48) ---
SPY: no setup as of 10:48 | trend down | vwap 765.47 | last low 764.60@0955 high 765.75@1025 | close 765.08
QQQ: no setup as of 10:48 | trend up | vwap 738.64 | last low 737.33@1010 high 738.92@1000 | close 739.24
equity $6,923.85 | cash $6,923.85 | open 0 | closed 10
--- tick 2026-09-29 11:09:00 EDT (signals as of 10:49) ---
SPY: no setup as of 10:49 | trend down | vwap 765.46 | last low 764.60@0955 high 765.75@1025 | close 765.08
QQQ: no setup as of 10:49 | trend up | vwap 738.65 | last low 737.33@1010 high 738.92@1000 | close 739.24
equity $6,923.85 | cash $6,923.85 | open 0 | closed 10
--- tick 2026-09-29 11:10:00 EDT (signals as of 10:50) ---
SPY: no setup as of 10:50 | trend down | vwap 765.45 | last low 764.60@0955 high 765.75@1025 | close 764.52
QQQ: no setup as of 10:50 | trend none | vwap 738.65 | last low 737.33@1010 high 738.92@1000 | close 738.64
equity $6,923.85 | cash $6,923.85 | open 0 | closed 10
--- tick 2026-09-29 11:11:00 EDT (signals as of 10:51) ---
SPY: no setup as of 10:51 | trend down | vwap 765.44 | last low 764.60@0955 high 765.75@1025 | close 764.52
QQQ: no setup as of 10:51 | trend none | vwap 738.65 | last low 737.33@1010 high 738.92@1000 | close 738.64
equity $6,923.85 | cash $6,923.85 | open 0 | closed 10
--- tick 2026-09-29 11:12:00 EDT (signals as of 10:52) ---
SPY: no setup as of 10:52 | trend down | vwap 765.44 | last low 764.60@0955 high 765.75@1025 | close 764.52
QQQ: no setup as of 10:52 | trend none | vwap 738.66 | last low 737.33@1010 high 738.92@1000 | close 738.64
equity $6,923.85 | cash $6,923.85 | open 0 | closed 10
--- tick 2026-09-29 11:13:00 EDT (signals as of 10:53) ---
SPY: no setup as of 10:53 | trend down | vwap 765.44 | last low 764.60@0955 high 765.75@1025 | close 764.52
QQQ: no setup as of 10:53 | trend none | vwap 738.67 | last low 737.33@1010 high 738.92@1000 | close 738.64
equity $6,923.85 | cash $6,923.85 | open 0 | closed 10
--- tick 2026-09-29 11:14:00 EDT (signals as of 10:54) ---
SPY: no setup as of 10:54 | trend down | vwap 765.44 | last low 764.60@0955 high 765.75@1025 | close 764.52
QQQ: no setup as of 10:54 | trend none | vwap 738.67 | last low 737.33@1010 high 738.92@1000 | close 738.64
equity $6,923.85 | cash $6,923.85 | open 0 | closed 10
--- tick 2026-09-29 11:15:00 EDT (signals as of 10:55) ---
SPY: no setup as of 10:55 | trend none | vwap 765.44 | last low 764.60@0955 high 765.75@1040 | close 765.55
QQQ: no setup as of 10:55 | trend up | vwap 738.67 | last low 737.33@1010 high 738.92@1000 | close 739.95
equity $6,923.85 | cash $6,923.85 | open 0 | closed 10
--- tick 2026-09-29 11:16:00 EDT (signals as of 10:56) ---
SPY: no setup as of 10:56 | trend none | vwap 765.44 | last low 764.60@0955 high 765.75@1040 | close 765.55
QQQ: no setup as of 10:56 | trend up | vwap 738.68 | last low 737.33@1010 high 738.92@1000 | close 739.95
equity $6,923.85 | cash $6,923.85 | open 0 | closed 10
--- tick 2026-09-29 11:17:00 EDT (signals as of 10:57) ---
SPY: no setup as of 10:57 | trend none | vwap 765.44 | last low 764.60@0955 high 765.75@1040 | close 765.55
QQQ: no setup as of 10:57 | trend up | vwap 738.69 | last low 737.33@1010 high 738.92@1000 | close 739.95
equity $6,923.85 | cash $6,923.85 | open 0 | closed 10
--- tick 2026-09-29 11:18:00 EDT (signals as of 10:58) ---
SPY: no setup as of 10:58 | trend none | vwap 765.44 | last low 764.60@0955 high 765.75@1040 | close 765.55
QQQ: no setup as of 10:58 | trend up | vwap 738.69 | last low 737.33@1010 high 738.92@1000 | close 739.95
equity $6,923.85 | cash $6,923.85 | open 0 | closed 10
--- tick 2026-09-29 11:19:00 EDT (signals as of 10:59) ---
SPY: no setup as of 10:59 | trend none | vwap 765.44 | last low 764.60@0955 high 765.75@1040 | close 765.55
QQQ: no setup as of 10:59 | trend up | vwap 738.70 | last low 737.33@1010 high 738.92@1000 | close 739.95
equity $6,923.85 | cash $6,923.85 | open 0 | closed 10
