--- tick 2026-09-25 09:30:00 EDT (signals as of 09:10) ---
SPY: no SPY bars — entry skipped (positions still managed)
QQQ: no QQQ bars — entry skipped (positions still managed)
equity $7,173.48 | cash $7,173.48 | open 0 | closed 5
--- tick 2026-09-25 09:31:00 EDT (signals as of 09:11) ---
SPY: no setup as of 09:11 | warming up (0 bars)
QQQ: no setup as of 09:11 | warming up (0 bars)
equity $7,173.48 | cash $7,173.48 | open 0 | closed 5
--- tick 2026-09-25 09:32:00 EDT (signals as of 09:12) ---
SPY: no setup as of 09:12 | warming up (0 bars)
QQQ: no setup as of 09:12 | warming up (0 bars)
equity $7,173.48 | cash $7,173.48 | open 0 | closed 5
--- tick 2026-09-25 09:33:00 EDT (signals as of 09:13) ---
SPY: no setup as of 09:13 | warming up (0 bars)
QQQ: no setup as of 09:13 | warming up (0 bars)
equity $7,173.48 | cash $7,173.48 | open 0 | closed 5
--- tick 2026-09-25 09:34:00 EDT (signals as of 09:14) ---
SPY: no setup as of 09:14 | warming up (0 bars)
QQQ: no setup as of 09:14 | warming up (0 bars)
equity $7,173.48 | cash $7,173.48 | open 0 | closed 5
--- tick 2026-09-25 09:35:00 EDT (signals as of 09:15) ---
SPY: no setup as of 09:15 | warming up (0 bars)
QQQ: no setup as of 09:15 | warming up (0 bars)
equity $7,173.48 | cash $7,173.48 | open 0 | closed 5
--- tick 2026-09-25 09:36:00 EDT (signals as of 09:16) ---
SPY: no setup as of 09:16 | warming up (0 bars)
QQQ: no setup as of 09:16 | warming up (0 bars)
equity $7,173.48 | cash $7,173.48 | open 0 | closed 5
--- tick 2026-09-25 09:37:00 EDT (signals as of 09:17) ---
SPY: no setup as of 09:17 | warming up (0 bars)
QQQ: no setup as of 09:17 | warming up (0 bars)
equity $7,173.48 | cash $7,173.48 | open 0 | closed 5
--- tick 2026-09-25 09:38:00 EDT (signals as of 09:18) ---
SPY: no setup as of 09:18 | warming up (0 bars)
QQQ: no setup as of 09:18 | warming up (0 bars)
equity $7,173.48 | cash $7,173.48 | open 0 | closed 5
--- tick 2026-09-25 09:39:00 EDT (signals as of 09:19) ---
SPY: no setup as of 09:19 | warming up (0 bars)
QQQ: no setup as of 09:19 | warming up (0 bars)
equity $7,173.48 | cash $7,173.48 | open 0 | closed 5
--- tick 2026-09-25 09:40:00 EDT (signals as of 09:20) ---
SPY: no setup as of 09:20 | warming up (0 bars)
QQQ: no setup as of 09:20 | warming up (0 bars)
equity $7,173.48 | cash $7,173.48 | open 0 | closed 5
--- tick 2026-09-25 09:41:00 EDT (signals as of 09:21) ---
SPY: no setup as of 09:21 | warming up (0 bars)
QQQ: no setup as of 09:21 | warming up (0 bars)
equity $7,173.48 | cash $7,173.48 | open 0 | closed 5
--- tick 2026-09-25 09:42:00 EDT (signals as of 09:22) ---
SPY: no setup as of 09:22 | warming up (0 bars)
QQQ: no setup as of 09:22 | warming up (0 bars)
equity $7,173.48 | cash $7,173.48 | open 0 | closed 5
--- tick 2026-09-25 09:43:00 EDT (signals as of 09:23) ---
SPY: no setup as of 09:23 | warming up (0 bars)
QQQ: no setup as of 09:23 | warming up (0 bars)
equity $7,173.48 | cash $7,173.48 | open 0 | closed 5
--- tick 2026-09-25 09:44:00 EDT (signals as of 09:24) ---
SPY: no setup as of 09:24 | warming up (0 bars)
QQQ: no setup as of 09:24 | warming up (0 bars)
equity $7,173.48 | cash $7,173.48 | open 0 | closed 5
--- tick 2026-09-25 09:45:00 EDT (signals as of 09:25) ---
SPY: no setup as of 09:25 | warming up (0 bars)
QQQ: no setup as of 09:25 | warming up (0 bars)
equity $7,173.48 | cash $7,173.48 | open 0 | closed 5
--- tick 2026-09-25 09:46:00 EDT (signals as of 09:26) ---
SPY: no setup as of 09:26 | warming up (0 bars)
QQQ: no setup as of 09:26 | warming up (0 bars)
equity $7,173.48 | cash $7,173.48 | open 0 | closed 5
--- tick 2026-09-25 09:47:00 EDT (signals as of 09:27) ---
SPY: no setup as of 09:27 | warming up (0 bars)
QQQ: no setup as of 09:27 | warming up (0 bars)
equity $7,173.48 | cash $7,173.48 | open 0 | closed 5
--- tick 2026-09-25 09:48:00 EDT (signals as of 09:28) ---
SPY: no setup as of 09:28 | warming up (0 bars)
QQQ: no setup as of 09:28 | warming up (0 bars)
equity $7,173.48 | cash $7,173.48 | open 0 | closed 5
--- tick 2026-09-25 09:49:00 EDT (signals as of 09:29) ---
SPY: no setup as of 09:29 | warming up (0 bars)
QQQ: no setup as of 09:29 | warming up (0 bars)
equity $7,173.48 | cash $7,173.48 | open 0 | closed 5
--- tick 2026-09-25 09:50:00 EDT (signals as of 09:30) ---
SPY: no setup as of 09:30 | warming up (0 bars)
QQQ: no setup as of 09:30 | warming up (0 bars)
equity $7,173.48 | cash $7,173.48 | open 0 | closed 5
--- tick 2026-09-25 09:51:00 EDT (signals as of 09:31) ---
SPY: no setup as of 09:31 | warming up (0 bars)
QQQ: no setup as of 09:31 | warming up (0 bars)
equity $7,173.48 | cash $7,173.48 | open 0 | closed 5
--- tick 2026-09-25 09:52:00 EDT (signals as of 09:32) ---
SPY: no setup as of 09:32 | warming up (0 bars)
QQQ: no setup as of 09:32 | warming up (0 bars)
equity $7,173.48 | cash $7,173.48 | open 0 | closed 5
--- tick 2026-09-25 09:53:00 EDT (signals as of 09:33) ---
SPY: no setup as of 09:33 | warming up (0 bars)
QQQ: no setup as of 09:33 | warming up (0 bars)
equity $7,173.48 | cash $7,173.48 | open 0 | closed 5
--- tick 2026-09-25 09:54:00 EDT (signals as of 09:34) ---
SPY: no setup as of 09:34 | warming up (0 bars)
QQQ: no setup as of 09:34 | warming up (0 bars)
equity $7,173.48 | cash $7,173.48 | open 0 | closed 5
--- tick 2026-09-25 09:55:00 EDT (signals as of 09:35) ---
SPY: no setup as of 09:35 | warming up (1 bars)
QQQ: no setup as of 09:35 | warming up (1 bars)
equity $7,173.48 | cash $7,173.48 | open 0 | closed 5
--- tick 2026-09-25 09:56:00 EDT (signals as of 09:36) ---
SPY: no setup as of 09:36 | warming up (1 bars)
QQQ: no setup as of 09:36 | warming up (1 bars)
equity $7,173.48 | cash $7,173.48 | open 0 | closed 5
--- tick 2026-09-25 09:57:00 EDT (signals as of 09:37) ---
SPY: no setup as of 09:37 | warming up (1 bars)
QQQ: no setup as of 09:37 | warming up (1 bars)
equity $7,173.48 | cash $7,173.48 | open 0 | closed 5
--- tick 2026-09-25 09:58:00 EDT (signals as of 09:38) ---
SPY: no setup as of 09:38 | warming up (1 bars)
QQQ: no setup as of 09:38 | warming up (1 bars)
equity $7,173.48 | cash $7,173.48 | open 0 | closed 5
--- tick 2026-09-25 09:59:00 EDT (signals as of 09:39) ---
SPY: no setup as of 09:39 | warming up (1 bars)
QQQ: no setup as of 09:39 | warming up (1 bars)
equity $7,173.48 | cash $7,173.48 | open 0 | closed 5
