--- tick 2026-10-07 10:41:50 EDT (signals as of 10:21) ---
SPY: no setup as of 10:21 | trend down | vwap 775.12 | last low 774.09@0945 high 775.12@0955 | close 774.71
QQQ: no setup as of 10:21 | trend none | vwap 753.44 | last low 752.86@1005 high 754.18@0955 | close 754.08
equity $5,724.47 | cash $5,724.47 | open 0 | closed 23
--- tick 2026-10-07 10:42:00 EDT (signals as of 10:22) ---
SPY: no setup as of 10:22 | trend down | vwap 775.12 | last low 774.09@0945 high 775.12@0955 | close 774.71
QQQ: no setup as of 10:22 | trend none | vwap 753.47 | last low 752.86@1005 high 754.18@0955 | close 754.08
equity $5,724.47 | cash $5,724.47 | open 0 | closed 23
--- tick 2026-10-07 10:43:00 EDT (signals as of 10:23) ---
SPY: no setup as of 10:23 | trend down | vwap 775.11 | last low 774.09@0945 high 775.12@0955 | close 774.71
QQQ: no setup as of 10:23 | trend none | vwap 753.48 | last low 752.86@1005 high 754.18@0955 | close 754.08
equity $5,724.47 | cash $5,724.47 | open 0 | closed 23
--- tick 2026-10-07 10:44:00 EDT (signals as of 10:24) ---
SPY: no setup as of 10:24 | trend down | vwap 775.11 | last low 774.09@0945 high 775.12@0955 | close 774.71
QQQ: no setup as of 10:24 | trend none | vwap 753.49 | last low 752.86@1005 high 754.18@0955 | close 754.08
equity $5,724.47 | cash $5,724.47 | open 0 | closed 23
--- tick 2026-10-07 10:45:00 EDT (signals as of 10:25) ---
SPY: no setup as of 10:25 | trend down | vwap 775.11 | last low 774.03@1010 high 775.12@0955 | close 774.77
QQQ: no setup as of 10:25 | trend none | vwap 753.49 | last low 752.86@1005 high 754.18@0955 | close 754.74
equity $5,724.47 | cash $5,724.47 | open 0 | closed 23
--- tick 2026-10-07 10:46:00 EDT (signals as of 10:26) ---
SPY: no setup as of 10:26 | trend down | vwap 775.10 | last low 774.03@1010 high 775.12@0955 | close 774.77
QQQ: no setup as of 10:26 | trend none | vwap 753.51 | last low 752.86@1005 high 754.18@0955 | close 754.74
equity $5,724.47 | cash $5,724.47 | open 0 | closed 23
--- tick 2026-10-07 10:47:00 EDT (signals as of 10:27) ---
SPY: no setup as of 10:27 | trend down | vwap 775.10 | last low 774.03@1010 high 775.12@0955 | close 774.77
QQQ: no setup as of 10:27 | trend none | vwap 753.52 | last low 752.86@1005 high 754.18@0955 | close 754.74
equity $5,724.47 | cash $5,724.47 | open 0 | closed 23
--- tick 2026-10-07 10:48:00 EDT (signals as of 10:28) ---
SPY: no setup as of 10:28 | trend down | vwap 775.10 | last low 774.03@1010 high 775.12@0955 | close 774.77
QQQ: no setup as of 10:28 | trend none | vwap 753.52 | last low 752.86@1005 high 754.18@0955 | close 754.74
equity $5,724.47 | cash $5,724.47 | open 0 | closed 23
--- tick 2026-10-07 10:49:00 EDT (signals as of 10:29) ---
SPY: no setup as of 10:29 | trend down | vwap 775.09 | last low 774.03@1010 high 775.12@0955 | close 774.77
QQQ: no setup as of 10:29 | trend none | vwap 753.53 | last low 752.86@1005 high 754.18@0955 | close 754.74
equity $5,724.47 | cash $5,724.47 | open 0 | closed 23
--- tick 2026-10-07 10:50:00 EDT (signals as of 10:30) ---
SPY: no setup as of 10:30 | trend down | vwap 775.08 | last low 774.03@1010 high 775.12@0955 | close 774.44
QQQ: no setup as of 10:30 | trend up | vwap 753.53 | last low 752.86@1005 high 754.18@0955 | close 754.39
equity $5,724.47 | cash $5,724.47 | open 0 | closed 23
--- tick 2026-10-07 10:51:00 EDT (signals as of 10:31) ---
SPY: no setup as of 10:31 | trend down | vwap 775.08 | last low 774.03@1010 high 775.12@0955 | close 774.44
QQQ: no setup as of 10:31 | trend up | vwap 753.54 | last low 752.86@1005 high 754.18@0955 | close 754.39
equity $5,724.47 | cash $5,724.47 | open 0 | closed 23
--- tick 2026-10-07 10:52:00 EDT (signals as of 10:32) ---
SPY: no setup as of 10:32 | trend down | vwap 775.07 | last low 774.03@1010 high 775.12@0955 | close 774.44
QQQ: no setup as of 10:32 | trend up | vwap 753.54 | last low 752.86@1005 high 754.18@0955 | close 754.39
equity $5,724.47 | cash $5,724.47 | open 0 | closed 23
--- tick 2026-10-07 10:53:00 EDT (signals as of 10:33) ---
SPY: no setup as of 10:33 | trend down | vwap 775.07 | last low 774.03@1010 high 775.12@0955 | close 774.44
QQQ: no setup as of 10:33 | trend up | vwap 753.55 | last low 752.86@1005 high 754.18@0955 | close 754.39
equity $5,724.47 | cash $5,724.47 | open 0 | closed 23
--- tick 2026-10-07 10:54:00 EDT (signals as of 10:34) ---
SPY: no setup as of 10:34 | trend down | vwap 775.07 | last low 774.03@1010 high 775.12@0955 | close 774.44
QQQ: no setup as of 10:34 | trend up | vwap 753.55 | last low 752.86@1005 high 754.18@0955 | close 754.39
equity $5,724.47 | cash $5,724.47 | open 0 | closed 23
--- tick 2026-10-07 10:55:00 EDT (signals as of 10:35) ---
SPY: no setup as of 10:35 | trend down | vwap 775.07 | last low 774.03@1010 high 774.99@1020 | close 774.49
QQQ: no setup as of 10:35 | trend up | vwap 753.55 | last low 752.86@1005 high 754.18@0955 | close 754.01
equity $5,724.47 | cash $5,724.47 | open 0 | closed 23
--- tick 2026-10-07 10:56:00 EDT (signals as of 10:36) ---
SPY: no setup as of 10:36 | trend down | vwap 775.06 | last low 774.03@1010 high 774.99@1020 | close 774.49
QQQ: no setup as of 10:36 | trend up | vwap 753.55 | last low 752.86@1005 high 754.18@0955 | close 754.01
equity $5,724.47 | cash $5,724.47 | open 0 | closed 23
--- tick 2026-10-07 10:57:00 EDT (signals as of 10:37) ---
SPY: no setup as of 10:37 | trend down | vwap 775.06 | last low 774.03@1010 high 774.99@1020 | close 774.49
QQQ: no setup as of 10:37 | trend up | vwap 753.56 | last low 752.86@1005 high 754.18@0955 | close 754.01
equity $5,724.47 | cash $5,724.47 | open 0 | closed 23
--- tick 2026-10-07 10:58:00 EDT (signals as of 10:38) ---
SPY: no setup as of 10:38 | trend down | vwap 775.06 | last low 774.03@1010 high 774.99@1020 | close 774.49
QQQ: no setup as of 10:38 | trend up | vwap 753.56 | last low 752.86@1005 high 754.18@0955 | close 754.01
equity $5,724.47 | cash $5,724.47 | open 0 | closed 23
--- tick 2026-10-07 10:59:00 EDT (signals as of 10:39) ---
SPY: no setup as of 10:39 | trend down | vwap 775.06 | last low 774.03@1010 high 774.99@1020 | close 774.49
QQQ: no setup as of 10:39 | trend up | vwap 753.56 | last low 752.86@1005 high 754.18@0955 | close 754.01
equity $5,724.47 | cash $5,724.47 | open 0 | closed 23
--- tick 2026-10-07 11:00:00 EDT (signals as of 10:40) ---
SPY: no setup as of 10:40 | trend down | vwap 775.05 | last low 774.03@1010 high 774.99@1020 | close 774.64
QQQ: no setup as of 10:40 | trend up | vwap 753.56 | last low 752.86@1005 high 755.09@1025 | close 754.59
equity $5,724.47 | cash $5,724.47 | open 0 | closed 23
