--- tick 2026-10-01 09:30:00 EDT (signals as of 09:10) ---
SPY: no SPY bars — entry skipped (positions still managed)
QQQ: no QQQ bars — entry skipped (positions still managed)
equity $6,165.88 | cash $6,165.88 | open 0 | closed 14
--- tick 2026-10-01 09:31:00 EDT (signals as of 09:11) ---
SPY: no setup as of 09:11 | warming up (0 bars)
QQQ: no setup as of 09:11 | warming up (0 bars)
equity $6,165.88 | cash $6,165.88 | open 0 | closed 14
--- tick 2026-10-01 09:32:00 EDT (signals as of 09:12) ---
SPY: no setup as of 09:12 | warming up (0 bars)
QQQ: no setup as of 09:12 | warming up (0 bars)
equity $6,165.88 | cash $6,165.88 | open 0 | closed 14
--- tick 2026-10-01 09:33:00 EDT (signals as of 09:13) ---
SPY: no setup as of 09:13 | warming up (0 bars)
QQQ: no setup as of 09:13 | warming up (0 bars)
equity $6,165.88 | cash $6,165.88 | open 0 | closed 14
--- tick 2026-10-01 09:34:00 EDT (signals as of 09:14) ---
SPY: no setup as of 09:14 | warming up (0 bars)
QQQ: no setup as of 09:14 | warming up (0 bars)
equity $6,165.88 | cash $6,165.88 | open 0 | closed 14
--- tick 2026-10-01 09:35:00 EDT (signals as of 09:15) ---
SPY: no setup as of 09:15 | warming up (0 bars)
QQQ: no setup as of 09:15 | warming up (0 bars)
equity $6,165.88 | cash $6,165.88 | open 0 | closed 14
--- tick 2026-10-01 09:36:00 EDT (signals as of 09:16) ---
SPY: no setup as of 09:16 | warming up (0 bars)
QQQ: no setup as of 09:16 | warming up (0 bars)
equity $6,165.88 | cash $6,165.88 | open 0 | closed 14
--- tick 2026-10-01 09:37:00 EDT (signals as of 09:17) ---
SPY: no setup as of 09:17 | warming up (0 bars)
QQQ: no setup as of 09:17 | warming up (0 bars)
equity $6,165.88 | cash $6,165.88 | open 0 | closed 14
--- tick 2026-10-01 09:38:00 EDT (signals as of 09:18) ---
SPY: no setup as of 09:18 | warming up (0 bars)
QQQ: no setup as of 09:18 | warming up (0 bars)
equity $6,165.88 | cash $6,165.88 | open 0 | closed 14
--- tick 2026-10-01 09:39:00 EDT (signals as of 09:19) ---
SPY: no setup as of 09:19 | warming up (0 bars)
QQQ: no setup as of 09:19 | warming up (0 bars)
equity $6,165.88 | cash $6,165.88 | open 0 | closed 14
