--- tick 2026-10-08 11:31:13 EDT (signals as of 11:11) ---
SPY: no setup as of 11:11 | trend down | vwap 775.31 | last low 774.78@1050 high 776.55@1035 | close 774.94
QQQ: no setup as of 11:11 | trend down | vwap 754.30 | last low 752.11@0955 high 757.18@1025 | close 753.96
equity $5,721.86 | cash $5,721.86 | open 0 | closed 26
--- tick 2026-10-08 11:32:00 EDT (signals as of 11:12) ---
SPY: no setup as of 11:12 | trend down | vwap 775.31 | last low 774.78@1050 high 776.55@1035 | close 774.94
QQQ: no setup as of 11:12 | trend down | vwap 755.05 | last low 752.11@0955 high 757.18@1025 | close 753.96
equity $5,721.86 | cash $5,721.86 | open 0 | closed 26
--- tick 2026-10-08 11:33:00 EDT (signals as of 11:13) ---
SPY: no setup as of 11:13 | trend down | vwap 775.31 | last low 774.78@1050 high 776.55@1035 | close 774.94
QQQ: no setup as of 11:13 | trend down | vwap 754.30 | last low 752.11@0955 high 757.18@1025 | close 753.96
equity $5,721.86 | cash $5,721.86 | open 0 | closed 26
--- tick 2026-10-08 11:34:00 EDT (signals as of 11:14) ---
SPY: no setup as of 11:14 | trend down | vwap 775.30 | last low 774.78@1050 high 776.55@1035 | close 774.94
QQQ: no setup as of 11:14 | trend down | vwap 754.30 | last low 752.11@0955 high 757.18@1025 | close 753.96
equity $5,721.86 | cash $5,721.86 | open 0 | closed 26
--- tick 2026-10-08 11:35:00 EDT (signals as of 11:15) ---
SPY: no setup as of 11:15 | trend down | vwap 775.45 | last low 774.78@1050 high 776.55@1035 | close 774.47
QQQ: no setup as of 11:15 | trend down | vwap 754.29 | last low 752.11@0955 high 757.18@1025 | close 753.67
equity $5,721.86 | cash $5,721.86 | open 0 | closed 26
--- tick 2026-10-08 11:36:00 EDT (signals as of 11:16) ---
SPY: no setup as of 11:16 | trend down | vwap 775.28 | last low 774.78@1050 high 776.55@1035 | close 774.47
QQQ: no setup as of 11:16 | trend down | vwap 754.89 | last low 752.11@0955 high 757.18@1025 | close 753.67
equity $5,721.86 | cash $5,721.86 | open 0 | closed 26
--- tick 2026-10-08 11:37:00 EDT (signals as of 11:17) ---
SPY: no setup as of 11:17 | trend down | vwap 775.27 | last low 774.78@1050 high 776.55@1035 | close 774.47
QQQ: no setup as of 11:17 | trend down | vwap 754.29 | last low 752.11@0955 high 757.18@1025 | close 753.67
equity $5,721.86 | cash $5,721.86 | open 0 | closed 26
--- tick 2026-10-08 11:38:00 EDT (signals as of 11:18) ---
SPY: no setup as of 11:18 | trend down | vwap 775.27 | last low 774.78@1050 high 776.55@1035 | close 774.47
QQQ: no setup as of 11:18 | trend down | vwap 754.29 | last low 752.11@0955 high 757.18@1025 | close 753.67
equity $5,721.86 | cash $5,721.86 | open 0 | closed 26
--- tick 2026-10-08 11:39:00 EDT (signals as of 11:19) ---
SPY: no setup as of 11:19 | trend down | vwap 775.26 | last low 774.78@1050 high 776.55@1035 | close 774.47
QQQ: no setup as of 11:19 | trend down | vwap 754.29 | last low 752.11@0955 high 757.18@1025 | close 753.67
equity $5,721.86 | cash $5,721.86 | open 0 | closed 26
--- tick 2026-10-08 11:40:00 EDT (signals as of 11:20) ---
SPY: no setup as of 11:20 | trend down | vwap 775.26 | last low 774.78@1050 high 776.55@1035 | close 774.51
QQQ: no setup as of 11:20 | trend down | vwap 754.28 | last low 752.11@0955 high 757.18@1025 | close 754.03
equity $5,721.86 | cash $5,721.86 | open 0 | closed 26
--- tick 2026-10-08 11:41:00 EDT (signals as of 11:21) ---
SPY: no setup as of 11:21 | trend down | vwap 775.26 | last low 774.78@1050 high 776.55@1035 | close 774.51
QQQ: no setup as of 11:21 | trend down | vwap 754.28 | last low 752.11@0955 high 757.18@1025 | close 754.03
equity $5,721.86 | cash $5,721.86 | open 0 | closed 26
--- tick 2026-10-08 11:42:00 EDT (signals as of 11:22) ---
SPY: no setup as of 11:22 | trend down | vwap 775.25 | last low 774.78@1050 high 776.55@1035 | close 774.51
QQQ: no setup as of 11:22 | trend down | vwap 754.28 | last low 752.11@0955 high 757.18@1025 | close 754.03
equity $5,721.86 | cash $5,721.86 | open 0 | closed 26
--- tick 2026-10-08 11:43:00 EDT (signals as of 11:23) ---
SPY: no setup as of 11:23 | trend down | vwap 775.25 | last low 774.78@1050 high 776.55@1035 | close 774.51
QQQ: no setup as of 11:23 | trend down | vwap 754.28 | last low 752.11@0955 high 757.18@1025 | close 754.03
equity $5,721.86 | cash $5,721.86 | open 0 | closed 26
--- tick 2026-10-08 11:44:00 EDT (signals as of 11:24) ---
SPY: no setup as of 11:24 | trend down | vwap 775.24 | last low 774.78@1050 high 776.55@1035 | close 774.51
QQQ: no setup as of 11:24 | trend down | vwap 754.28 | last low 752.11@0955 high 757.18@1025 | close 754.03
equity $5,721.86 | cash $5,721.86 | open 0 | closed 26
--- tick 2026-10-08 11:45:00 EDT (signals as of 11:25) ---
SPY: no setup as of 11:25 | trend down | vwap 775.42 | last low 774.78@1050 high 776.55@1035 | close 774.40
QQQ: no setup as of 11:25 | trend down | vwap 754.28 | last low 752.11@0955 high 757.18@1025 | close 753.90
equity $5,721.86 | cash $5,721.86 | open 0 | closed 26
--- tick 2026-10-08 11:46:00 EDT (signals as of 11:26) ---
SPY: no setup as of 11:26 | trend down | vwap 775.23 | last low 774.78@1050 high 776.55@1035 | close 774.40
QQQ: no setup as of 11:26 | trend down | vwap 754.89 | last low 752.11@0955 high 757.18@1025 | close 753.90
equity $5,721.86 | cash $5,721.86 | open 0 | closed 26
--- tick 2026-10-08 11:47:00 EDT (signals as of 11:27) ---
SPY: no setup as of 11:27 | trend down | vwap 775.23 | last low 774.78@1050 high 776.55@1035 | close 774.40
QQQ: no setup as of 11:27 | trend down | vwap 754.27 | last low 752.11@0955 high 757.18@1025 | close 753.90
equity $5,721.86 | cash $5,721.86 | open 0 | closed 26
--- tick 2026-10-08 11:48:00 EDT (signals as of 11:28) ---
SPY: no setup as of 11:28 | trend down | vwap 775.22 | last low 774.78@1050 high 776.55@1035 | close 774.40
QQQ: no setup as of 11:28 | trend down | vwap 754.27 | last low 752.11@0955 high 757.18@1025 | close 753.90
equity $5,721.86 | cash $5,721.86 | open 0 | closed 26
--- tick 2026-10-08 11:49:00 EDT (signals as of 11:29) ---
SPY: no setup as of 11:29 | trend down | vwap 775.41 | last low 774.78@1050 high 776.55@1035 | close 774.40
QQQ: no setup as of 11:29 | trend down | vwap 754.27 | last low 752.11@0955 high 757.18@1025 | close 753.90
equity $5,721.86 | cash $5,721.86 | open 0 | closed 26
--- tick 2026-10-08 11:50:00 EDT (signals as of 11:30) ---
SPY: no setup as of 11:30 | trend down | vwap 775.41 | last low 774.78@1050 high 776.55@1035 | close 774.66
QQQ: no setup as of 11:30 | trend down | vwap 754.27 | last low 752.11@0955 high 757.18@1025 | close 754.04
equity $5,721.86 | cash $5,721.86 | open 0 | closed 26
--- tick 2026-10-08 11:51:00 EDT (signals as of 11:31) ---
SPY: no setup as of 11:31 | trend down | vwap 775.21 | last low 774.78@1050 high 776.55@1035 | close 774.66
QQQ: no setup as of 11:31 | trend down | vwap 754.27 | last low 752.11@0955 high 757.18@1025 | close 754.04
equity $5,721.86 | cash $5,721.86 | open 0 | closed 26
--- tick 2026-10-08 11:52:00 EDT (signals as of 11:32) ---
SPY: no setup as of 11:32 | trend down | vwap 775.21 | last low 774.78@1050 high 776.55@1035 | close 774.66
QQQ: no setup as of 11:32 | trend down | vwap 754.26 | last low 752.11@0955 high 757.18@1025 | close 754.04
equity $5,721.86 | cash $5,721.86 | open 0 | closed 26
--- tick 2026-10-08 11:53:00 EDT (signals as of 11:33) ---
SPY: no setup as of 11:33 | trend down | vwap 775.21 | last low 774.78@1050 high 776.55@1035 | close 774.66
QQQ: no setup as of 11:33 | trend down | vwap 754.26 | last low 752.11@0955 high 757.18@1025 | close 754.04
equity $5,721.86 | cash $5,721.86 | open 0 | closed 26
--- tick 2026-10-08 11:54:00 EDT (signals as of 11:34) ---
SPY: no setup as of 11:34 | trend down | vwap 775.20 | last low 774.78@1050 high 776.55@1035 | close 774.66
QQQ: no setup as of 11:34 | trend down | vwap 754.26 | last low 752.11@0955 high 757.18@1025 | close 754.04
equity $5,721.86 | cash $5,721.86 | open 0 | closed 26
--- tick 2026-10-08 11:55:00 EDT (signals as of 11:35) ---
SPY: no setup as of 11:35 | trend down | vwap 775.20 | last low 774.78@1050 high 776.55@1035 | close 774.28
QQQ: no setup as of 11:35 | trend down | vwap 754.26 | last low 752.11@0955 high 757.18@1025 | close 753.57
equity $5,721.86 | cash $5,721.86 | open 0 | closed 26
--- tick 2026-10-08 11:56:00 EDT (signals as of 11:36) ---
SPY: no setup as of 11:36 | trend down | vwap 775.20 | last low 774.78@1050 high 776.55@1035 | close 774.28
QQQ: no setup as of 11:36 | trend down | vwap 754.25 | last low 752.11@0955 high 757.18@1025 | close 753.57
equity $5,721.86 | cash $5,721.86 | open 0 | closed 26
--- tick 2026-10-08 11:57:00 EDT (signals as of 11:37) ---
SPY: no setup as of 11:37 | trend down | vwap 775.19 | last low 774.78@1050 high 776.55@1035 | close 774.28
QQQ: no setup as of 11:37 | trend down | vwap 754.25 | last low 752.11@0955 high 757.18@1025 | close 753.57
equity $5,721.86 | cash $5,721.86 | open 0 | closed 26
--- tick 2026-10-08 11:58:00 EDT (signals as of 11:38) ---
SPY: no setup as of 11:38 | trend down | vwap 775.39 | last low 774.78@1050 high 776.55@1035 | close 774.28
QQQ: no setup as of 11:38 | trend down | vwap 754.24 | last low 752.11@0955 high 757.18@1025 | close 753.57
equity $5,721.86 | cash $5,721.86 | open 0 | closed 26
--- tick 2026-10-08 11:59:00 EDT (signals as of 11:39) ---
SPY: no setup as of 11:39 | trend down | vwap 775.19 | last low 774.78@1050 high 776.55@1035 | close 774.28
QQQ: no setup as of 11:39 | trend down | vwap 754.23 | last low 752.11@0955 high 757.18@1025 | close 753.57
equity $5,721.86 | cash $5,721.86 | open 0 | closed 26
--- tick 2026-10-08 12:00:00 EDT (signals as of 11:40) ---
SPY: no setup as of 11:40 | trend down | vwap 775.18 | last low 774.78@1050 high 774.83@1125 | close 774.28
QQQ: no setup as of 11:40 | trend down | vwap 754.23 | last low 752.11@0955 high 757.18@1025 | close 753.04
equity $5,721.86 | cash $5,721.86 | open 0 | closed 26
--- tick 2026-10-08 12:01:00 EDT (signals as of 11:41) ---
SPY: no setup as of 11:41 | trend down | vwap 775.18 | last low 774.78@1050 high 774.83@1125 | close 774.28
QQQ: no setup as of 11:41 | trend down | vwap 754.22 | last low 752.11@0955 high 757.18@1025 | close 753.04
equity $5,721.86 | cash $5,721.86 | open 0 | closed 26
--- tick 2026-10-08 12:02:00 EDT (signals as of 11:42) ---
SPY: no setup as of 11:42 | trend down | vwap 775.16 | last low 774.78@1050 high 774.83@1125 | close 774.28
QQQ: no setup as of 11:42 | trend down | vwap 754.22 | last low 752.11@0955 high 757.18@1025 | close 753.04
equity $5,721.86 | cash $5,721.86 | open 0 | closed 26
--- tick 2026-10-08 12:03:00 EDT (signals as of 11:43) ---
SPY: no setup as of 11:43 | trend down | vwap 775.16 | last low 774.78@1050 high 774.83@1125 | close 774.28
QQQ: no setup as of 11:43 | trend down | vwap 754.21 | last low 752.11@0955 high 757.18@1025 | close 753.04
equity $5,721.86 | cash $5,721.86 | open 0 | closed 26
--- tick 2026-10-08 12:04:00 EDT (signals as of 11:44) ---
SPY: no setup as of 11:44 | trend down | vwap 775.16 | last low 774.78@1050 high 774.83@1125 | close 774.28
QQQ: no setup as of 11:44 | trend down | vwap 754.21 | last low 752.11@0955 high 757.18@1025 | close 753.04
equity $5,721.86 | cash $5,721.86 | open 0 | closed 26
--- tick 2026-10-08 12:05:00 EDT (signals as of 11:45) ---
SPY: no setup as of 11:45 | trend down | vwap 775.16 | last low 774.78@1050 high 774.83@1125 | close 774.52
QQQ: no setup as of 11:45 | trend down | vwap 754.20 | last low 752.11@0955 high 757.18@1025 | close 753.39
equity $5,721.86 | cash $5,721.86 | open 0 | closed 26
--- tick 2026-10-08 12:06:00 EDT (signals as of 11:46) ---
SPY: no setup as of 11:46 | trend down | vwap 775.15 | last low 774.78@1050 high 774.83@1125 | close 774.52
QQQ: no setup as of 11:46 | trend down | vwap 754.20 | last low 752.11@0955 high 757.18@1025 | close 753.39
equity $5,721.86 | cash $5,721.86 | open 0 | closed 26
--- tick 2026-10-08 12:07:00 EDT (signals as of 11:47) ---
SPY: no setup as of 11:47 | trend down | vwap 775.15 | last low 774.78@1050 high 774.83@1125 | close 774.52
QQQ: no setup as of 11:47 | trend down | vwap 754.19 | last low 752.11@0955 high 757.18@1025 | close 753.39
equity $5,721.86 | cash $5,721.86 | open 0 | closed 26
--- tick 2026-10-08 12:08:00 EDT (signals as of 11:48) ---
SPY: no setup as of 11:48 | trend down | vwap 775.14 | last low 774.78@1050 high 774.83@1125 | close 774.52
QQQ: no setup as of 11:48 | trend down | vwap 754.19 | last low 752.11@0955 high 757.18@1025 | close 753.39
equity $5,721.86 | cash $5,721.86 | open 0 | closed 26
--- tick 2026-10-08 12:09:00 EDT (signals as of 11:49) ---
SPY: no setup as of 11:49 | trend down | vwap 775.14 | last low 774.78@1050 high 774.83@1125 | close 774.52
QQQ: no setup as of 11:49 | trend down | vwap 754.19 | last low 752.11@0955 high 757.18@1025 | close 753.39
equity $5,721.86 | cash $5,721.86 | open 0 | closed 26
--- tick 2026-10-08 12:10:00 EDT (signals as of 11:50) ---
SPY: no setup as of 11:50 | trend down | vwap 775.14 | last low 774.18@1135 high 774.83@1125 | close 774.48
QQQ: no setup as of 11:50 | trend down | vwap 754.19 | last low 752.11@0955 high 757.18@1025 | close 753.28
equity $5,721.86 | cash $5,721.86 | open 0 | closed 26
--- tick 2026-10-08 12:11:00 EDT (signals as of 11:51) ---
SPY: no setup as of 11:51 | trend down | vwap 775.14 | last low 774.18@1135 high 774.83@1125 | close 774.48
QQQ: no setup as of 11:51 | trend down | vwap 754.19 | last low 752.11@0955 high 757.18@1025 | close 753.28
equity $5,721.86 | cash $5,721.86 | open 0 | closed 26
--- tick 2026-10-08 12:12:00 EDT (signals as of 11:52) ---
SPY: no setup as of 11:52 | trend down | vwap 775.14 | last low 774.18@1135 high 774.83@1125 | close 774.48
QQQ: no setup as of 11:52 | trend down | vwap 754.18 | last low 752.11@0955 high 757.18@1025 | close 753.28
equity $5,721.86 | cash $5,721.86 | open 0 | closed 26
--- tick 2026-10-08 12:13:00 EDT (signals as of 11:53) ---
SPY: no setup as of 11:53 | trend down | vwap 775.13 | last low 774.18@1135 high 774.83@1125 | close 774.48
QQQ: no setup as of 11:53 | trend down | vwap 754.18 | last low 752.11@0955 high 757.18@1025 | close 753.28
equity $5,721.86 | cash $5,721.86 | open 0 | closed 26
--- tick 2026-10-08 12:14:00 EDT (signals as of 11:54) ---
SPY: no setup as of 11:54 | trend down | vwap 775.13 | last low 774.18@1135 high 774.83@1125 | close 774.48
QQQ: no setup as of 11:54 | trend down | vwap 754.18 | last low 752.11@0955 high 757.18@1025 | close 753.28
equity $5,721.86 | cash $5,721.86 | open 0 | closed 26
--- tick 2026-10-08 12:15:00 EDT (signals as of 11:55) ---
SPY: P setup H1125 stop 774.83 (SPY) — already failing on live prices (75% of the room to the stop used since the signal)
QQQ: no setup as of 11:55 | trend down | vwap 754.17 | last low 752.11@0955 high 757.18@1025 | close 752.84
equity $5,721.86 | cash $5,721.86 | open 0 | closed 26
