--- tick 2026-09-30 09:30:00 EDT (signals as of 09:10) ---
SPY: no SPY bars — entry skipped (positions still managed)
QQQ: no QQQ bars — entry skipped (positions still managed)
equity $6,871.45 | cash $6,871.45 | open 0 | closed 11
--- tick 2026-09-30 09:31:00 EDT (signals as of 09:11) ---
SPY: no setup as of 09:11 | warming up (0 bars)
QQQ: no setup as of 09:11 | warming up (0 bars)
equity $6,871.45 | cash $6,871.45 | open 0 | closed 11
--- tick 2026-09-30 09:32:00 EDT (signals as of 09:12) ---
SPY: no setup as of 09:12 | warming up (0 bars)
QQQ: no setup as of 09:12 | warming up (0 bars)
equity $6,871.45 | cash $6,871.45 | open 0 | closed 11
--- tick 2026-09-30 09:33:00 EDT (signals as of 09:13) ---
SPY: no setup as of 09:13 | warming up (0 bars)
QQQ: no setup as of 09:13 | warming up (0 bars)
equity $6,871.45 | cash $6,871.45 | open 0 | closed 11
--- tick 2026-09-30 09:34:00 EDT (signals as of 09:14) ---
SPY: no setup as of 09:14 | warming up (0 bars)
QQQ: no setup as of 09:14 | warming up (0 bars)
equity $6,871.45 | cash $6,871.45 | open 0 | closed 11
--- tick 2026-09-30 09:35:00 EDT (signals as of 09:15) ---
SPY: no setup as of 09:15 | warming up (0 bars)
QQQ: no setup as of 09:15 | warming up (0 bars)
equity $6,871.45 | cash $6,871.45 | open 0 | closed 11
--- tick 2026-09-30 09:36:00 EDT (signals as of 09:16) ---
SPY: no setup as of 09:16 | warming up (0 bars)
QQQ: no setup as of 09:16 | warming up (0 bars)
equity $6,871.45 | cash $6,871.45 | open 0 | closed 11
--- tick 2026-09-30 09:37:00 EDT (signals as of 09:17) ---
SPY: no setup as of 09:17 | warming up (0 bars)
QQQ: no setup as of 09:17 | warming up (0 bars)
equity $6,871.45 | cash $6,871.45 | open 0 | closed 11
--- tick 2026-09-30 09:38:00 EDT (signals as of 09:18) ---
SPY: no setup as of 09:18 | warming up (0 bars)
QQQ: no setup as of 09:18 | warming up (0 bars)
equity $6,871.45 | cash $6,871.45 | open 0 | closed 11
--- tick 2026-09-30 09:39:00 EDT (signals as of 09:19) ---
SPY: no setup as of 09:19 | warming up (0 bars)
QQQ: no setup as of 09:19 | warming up (0 bars)
equity $6,871.45 | cash $6,871.45 | open 0 | closed 11
--- tick 2026-09-30 09:40:00 EDT (signals as of 09:20) ---
SPY: no setup as of 09:20 | warming up (0 bars)
QQQ: no setup as of 09:20 | warming up (0 bars)
equity $6,871.45 | cash $6,871.45 | open 0 | closed 11
--- tick 2026-09-30 09:41:00 EDT (signals as of 09:21) ---
SPY: no setup as of 09:21 | warming up (0 bars)
QQQ: no setup as of 09:21 | warming up (0 bars)
equity $6,871.45 | cash $6,871.45 | open 0 | closed 11
--- tick 2026-09-30 09:42:00 EDT (signals as of 09:22) ---
SPY: no setup as of 09:22 | warming up (0 bars)
QQQ: no setup as of 09:22 | warming up (0 bars)
equity $6,871.45 | cash $6,871.45 | open 0 | closed 11
--- tick 2026-09-30 09:43:00 EDT (signals as of 09:23) ---
SPY: no setup as of 09:23 | warming up (0 bars)
QQQ: no setup as of 09:23 | warming up (0 bars)
equity $6,871.45 | cash $6,871.45 | open 0 | closed 11
--- tick 2026-09-30 09:44:00 EDT (signals as of 09:24) ---
SPY: no setup as of 09:24 | warming up (0 bars)
QQQ: no setup as of 09:24 | warming up (0 bars)
equity $6,871.45 | cash $6,871.45 | open 0 | closed 11
--- tick 2026-09-30 09:45:00 EDT (signals as of 09:25) ---
SPY: no setup as of 09:25 | warming up (0 bars)
QQQ: no setup as of 09:25 | warming up (0 bars)
equity $6,871.45 | cash $6,871.45 | open 0 | closed 11
--- tick 2026-09-30 09:46:00 EDT (signals as of 09:26) ---
SPY: no setup as of 09:26 | warming up (0 bars)
QQQ: no setup as of 09:26 | warming up (0 bars)
equity $6,871.45 | cash $6,871.45 | open 0 | closed 11
--- tick 2026-09-30 09:47:00 EDT (signals as of 09:27) ---
SPY: no setup as of 09:27 | warming up (0 bars)
QQQ: no setup as of 09:27 | warming up (0 bars)
equity $6,871.45 | cash $6,871.45 | open 0 | closed 11
--- tick 2026-09-30 09:48:00 EDT (signals as of 09:28) ---
SPY: no setup as of 09:28 | warming up (0 bars)
QQQ: no setup as of 09:28 | warming up (0 bars)
equity $6,871.45 | cash $6,871.45 | open 0 | closed 11
--- tick 2026-09-30 09:49:00 EDT (signals as of 09:29) ---
SPY: no setup as of 09:29 | warming up (0 bars)
QQQ: no setup as of 09:29 | warming up (0 bars)
equity $6,871.45 | cash $6,871.45 | open 0 | closed 11
--- tick 2026-09-30 09:50:00 EDT (signals as of 09:30) ---
SPY: no setup as of 09:30 | warming up (0 bars)
QQQ: no setup as of 09:30 | warming up (0 bars)
equity $6,871.45 | cash $6,871.45 | open 0 | closed 11
--- tick 2026-09-30 09:51:00 EDT (signals as of 09:31) ---
SPY: no setup as of 09:31 | warming up (0 bars)
QQQ: no setup as of 09:31 | warming up (0 bars)
equity $6,871.45 | cash $6,871.45 | open 0 | closed 11
--- tick 2026-09-30 09:52:00 EDT (signals as of 09:32) ---
SPY: no setup as of 09:32 | warming up (0 bars)
QQQ: no setup as of 09:32 | warming up (0 bars)
equity $6,871.45 | cash $6,871.45 | open 0 | closed 11
--- tick 2026-09-30 09:53:00 EDT (signals as of 09:33) ---
SPY: no setup as of 09:33 | warming up (0 bars)
QQQ: no setup as of 09:33 | warming up (0 bars)
equity $6,871.45 | cash $6,871.45 | open 0 | closed 11
--- tick 2026-09-30 09:54:00 EDT (signals as of 09:34) ---
SPY: no setup as of 09:34 | warming up (0 bars)
QQQ: no setup as of 09:34 | warming up (0 bars)
equity $6,871.45 | cash $6,871.45 | open 0 | closed 11
--- tick 2026-09-30 09:55:00 EDT (signals as of 09:35) ---
SPY: no setup as of 09:35 | warming up (1 bars)
QQQ: no setup as of 09:35 | warming up (1 bars)
equity $6,871.45 | cash $6,871.45 | open 0 | closed 11
--- tick 2026-09-30 09:56:00 EDT (signals as of 09:36) ---
SPY: no setup as of 09:36 | warming up (1 bars)
QQQ: no setup as of 09:36 | warming up (1 bars)
equity $6,871.45 | cash $6,871.45 | open 0 | closed 11
--- tick 2026-09-30 09:57:00 EDT (signals as of 09:37) ---
SPY: no setup as of 09:37 | warming up (1 bars)
QQQ: no setup as of 09:37 | warming up (1 bars)
equity $6,871.45 | cash $6,871.45 | open 0 | closed 11
--- tick 2026-09-30 09:58:00 EDT (signals as of 09:38) ---
SPY: no setup as of 09:38 | warming up (1 bars)
QQQ: no setup as of 09:38 | warming up (1 bars)
equity $6,871.45 | cash $6,871.45 | open 0 | closed 11
--- tick 2026-09-30 09:59:00 EDT (signals as of 09:39) ---
SPY: no setup as of 09:39 | warming up (1 bars)
QQQ: no setup as of 09:39 | warming up (1 bars)
equity $6,871.45 | cash $6,871.45 | open 0 | closed 11
--- tick 2026-09-30 10:00:00 EDT (signals as of 09:40) ---
SPY: no setup as of 09:40 | warming up (2 bars)
QQQ: no setup as of 09:40 | warming up (2 bars)
equity $6,871.45 | cash $6,871.45 | open 0 | closed 11
--- tick 2026-09-30 10:01:00 EDT (signals as of 09:41) ---
SPY: no setup as of 09:41 | warming up (2 bars)
QQQ: no setup as of 09:41 | warming up (2 bars)
equity $6,871.45 | cash $6,871.45 | open 0 | closed 11
--- tick 2026-09-30 10:02:00 EDT (signals as of 09:42) ---
SPY: no setup as of 09:42 | warming up (2 bars)
QQQ: no setup as of 09:42 | warming up (2 bars)
equity $6,871.45 | cash $6,871.45 | open 0 | closed 11
--- tick 2026-09-30 10:03:00 EDT (signals as of 09:43) ---
SPY: no setup as of 09:43 | warming up (2 bars)
QQQ: no setup as of 09:43 | warming up (2 bars)
equity $6,871.45 | cash $6,871.45 | open 0 | closed 11
--- tick 2026-09-30 10:04:00 EDT (signals as of 09:44) ---
SPY: no setup as of 09:44 | warming up (2 bars)
QQQ: no setup as of 09:44 | warming up (2 bars)
equity $6,871.45 | cash $6,871.45 | open 0 | closed 11
--- tick 2026-09-30 10:05:00 EDT (signals as of 09:45) ---
SPY: no setup as of 09:45 | warming up (3 bars)
QQQ: no setup as of 09:45 | warming up (3 bars)
equity $6,871.45 | cash $6,871.45 | open 0 | closed 11
--- tick 2026-09-30 10:06:00 EDT (signals as of 09:46) ---
SPY: no setup as of 09:46 | warming up (3 bars)
QQQ: no setup as of 09:46 | warming up (3 bars)
equity $6,871.45 | cash $6,871.45 | open 0 | closed 11
--- tick 2026-09-30 10:07:00 EDT (signals as of 09:47) ---
SPY: no setup as of 09:47 | warming up (3 bars)
QQQ: no setup as of 09:47 | warming up (3 bars)
equity $6,871.45 | cash $6,871.45 | open 0 | closed 11
--- tick 2026-09-30 10:08:00 EDT (signals as of 09:48) ---
SPY: no setup as of 09:48 | warming up (3 bars)
QQQ: no setup as of 09:48 | warming up (3 bars)
equity $6,871.45 | cash $6,871.45 | open 0 | closed 11
--- tick 2026-09-30 10:09:00 EDT (signals as of 09:49) ---
SPY: no setup as of 09:49 | warming up (3 bars)
QQQ: no setup as of 09:49 | warming up (3 bars)
equity $6,871.45 | cash $6,871.45 | open 0 | closed 11
--- tick 2026-09-30 10:10:00 EDT (signals as of 09:50) ---
SPY: no setup as of 09:50 | warming up (4 bars)
QQQ: no setup as of 09:50 | warming up (4 bars)
equity $6,871.45 | cash $6,871.45 | open 0 | closed 11
--- tick 2026-09-30 10:11:00 EDT (signals as of 09:51) ---
SPY: no setup as of 09:51 | warming up (4 bars)
QQQ: no setup as of 09:51 | warming up (4 bars)
equity $6,871.45 | cash $6,871.45 | open 0 | closed 11
--- tick 2026-09-30 10:12:00 EDT (signals as of 09:52) ---
SPY: no setup as of 09:52 | warming up (4 bars)
QQQ: no setup as of 09:52 | warming up (4 bars)
equity $6,871.45 | cash $6,871.45 | open 0 | closed 11
--- tick 2026-09-30 10:13:00 EDT (signals as of 09:53) ---
SPY: no setup as of 09:53 | warming up (4 bars)
QQQ: no setup as of 09:53 | warming up (4 bars)
equity $6,871.45 | cash $6,871.45 | open 0 | closed 11
--- tick 2026-09-30 10:14:00 EDT (signals as of 09:54) ---
SPY: no setup as of 09:54 | warming up (4 bars)
QQQ: no setup as of 09:54 | warming up (4 bars)
equity $6,871.45 | cash $6,871.45 | open 0 | closed 11
--- tick 2026-09-30 10:15:00 EDT (signals as of 09:55) ---
SPY: no setup as of 09:55 | warming up (5 bars)
QQQ: no setup as of 09:55 | warming up (5 bars)
equity $6,871.45 | cash $6,871.45 | open 0 | closed 11
--- tick 2026-09-30 10:16:00 EDT (signals as of 09:56) ---
SPY: no setup as of 09:56 | warming up (5 bars)
QQQ: no setup as of 09:56 | warming up (5 bars)
equity $6,871.45 | cash $6,871.45 | open 0 | closed 11
--- tick 2026-09-30 10:17:00 EDT (signals as of 09:57) ---
SPY: no setup as of 09:57 | warming up (5 bars)
QQQ: no setup as of 09:57 | warming up (5 bars)
equity $6,871.45 | cash $6,871.45 | open 0 | closed 11
--- tick 2026-09-30 10:18:00 EDT (signals as of 09:58) ---
SPY: no setup as of 09:58 | warming up (5 bars)
QQQ: no setup as of 09:58 | warming up (5 bars)
equity $6,871.45 | cash $6,871.45 | open 0 | closed 11
--- tick 2026-09-30 10:19:00 EDT (signals as of 09:59) ---
SPY: no setup as of 09:59 | warming up (5 bars)
QQQ: no setup as of 09:59 | warming up (5 bars)
equity $6,871.45 | cash $6,871.45 | open 0 | closed 11
--- tick 2026-09-30 10:20:00 EDT (signals as of 10:00) ---
SPY: no setup as of 10:00 | trend up | vwap 766.66 | last low 766.07@0945 high - | close 767.97
QQQ: no setup as of 10:00 | trend up | vwap 741.14 | last low 740.55@0945 high - | close 743.50
equity $6,871.45 | cash $6,871.45 | open 0 | closed 11
--- tick 2026-09-30 10:21:00 EDT (signals as of 10:01) ---
SPY: no setup as of 10:01 | trend up | vwap 766.72 | last low 766.07@0945 high - | close 767.97
QQQ: no setup as of 10:01 | trend up | vwap 741.27 | last low 740.55@0945 high - | close 743.50
equity $6,871.45 | cash $6,871.45 | open 0 | closed 11
--- tick 2026-09-30 10:22:00 EDT (signals as of 10:02) ---
SPY: no setup as of 10:02 | trend up | vwap 766.78 | last low 766.07@0945 high - | close 767.97
QQQ: no setup as of 10:02 | trend up | vwap 741.36 | last low 740.55@0945 high - | close 743.50
equity $6,871.45 | cash $6,871.45 | open 0 | closed 11
--- tick 2026-09-30 10:23:00 EDT (signals as of 10:03) ---
SPY: no setup as of 10:03 | trend up | vwap 766.81 | last low 766.07@0945 high - | close 767.97
QQQ: no setup as of 10:03 | trend up | vwap 741.44 | last low 740.55@0945 high - | close 743.50
equity $6,871.45 | cash $6,871.45 | open 0 | closed 11
--- tick 2026-09-30 10:24:00 EDT (signals as of 10:04) ---
SPY: no setup as of 10:04 | trend up | vwap 766.83 | last low 766.07@0945 high - | close 767.97
QQQ: no setup as of 10:04 | trend up | vwap 741.50 | last low 740.55@0945 high - | close 743.50
equity $6,871.45 | cash $6,871.45 | open 0 | closed 11
--- tick 2026-09-30 10:25:00 EDT (signals as of 10:05) ---
SPY: no setup as of 10:05 | trend up | vwap 766.86 | last low 766.07@0945 high - | close 768.59
QQQ: no setup as of 10:05 | trend up | vwap 741.54 | last low 740.55@0945 high - | close 744.04
equity $6,871.45 | cash $6,871.45 | open 0 | closed 11
--- tick 2026-09-30 10:26:00 EDT (signals as of 10:06) ---
SPY: no setup as of 10:06 | trend up | vwap 766.91 | last low 766.07@0945 high - | close 768.59
QQQ: no setup as of 10:06 | trend up | vwap 741.58 | last low 740.55@0945 high - | close 744.04
equity $6,871.45 | cash $6,871.45 | open 0 | closed 11
--- tick 2026-09-30 10:27:00 EDT (signals as of 10:07) ---
SPY: no setup as of 10:07 | trend up | vwap 766.96 | last low 766.07@0945 high - | close 768.59
QQQ: no setup as of 10:07 | trend up | vwap 741.66 | last low 740.55@0945 high - | close 744.04
equity $6,871.45 | cash $6,871.45 | open 0 | closed 11
--- tick 2026-09-30 10:28:00 EDT (signals as of 10:08) ---
SPY: no setup as of 10:08 | trend up | vwap 767.01 | last low 766.07@0945 high - | close 768.59
QQQ: no setup as of 10:08 | trend up | vwap 741.68 | last low 740.55@0945 high - | close 744.04
equity $6,871.45 | cash $6,871.45 | open 0 | closed 11
--- tick 2026-09-30 10:29:00 EDT (signals as of 10:09) ---
SPY: no setup as of 10:09 | trend up | vwap 767.04 | last low 766.07@0945 high - | close 768.59
QQQ: no setup as of 10:09 | trend up | vwap 741.71 | last low 740.55@0945 high - | close 744.04
equity $6,871.45 | cash $6,871.45 | open 0 | closed 11
--- tick 2026-09-30 10:30:00 EDT (signals as of 10:10) ---
SPY: no setup as of 10:10 | trend up | vwap 767.06 | last low 766.07@0945 high - | close 768.56
QQQ: no setup as of 10:10 | trend up | vwap 741.74 | last low 740.55@0945 high - | close 743.82
equity $6,871.45 | cash $6,871.45 | open 0 | closed 11
--- tick 2026-09-30 10:31:00 EDT (signals as of 10:11) ---
SPY: no setup as of 10:11 | trend up | vwap 767.08 | last low 766.07@0945 high - | close 768.56
QQQ: no setup as of 10:11 | trend up | vwap 741.76 | last low 740.55@0945 high - | close 743.82
equity $6,871.45 | cash $6,871.45 | open 0 | closed 11
--- tick 2026-09-30 10:32:00 EDT (signals as of 10:12) ---
SPY: no setup as of 10:12 | trend up | vwap 767.09 | last low 766.07@0945 high - | close 768.56
QQQ: no setup as of 10:12 | trend up | vwap 741.78 | last low 740.55@0945 high - | close 743.82
equity $6,871.45 | cash $6,871.45 | open 0 | closed 11
--- tick 2026-09-30 10:33:00 EDT (signals as of 10:13) ---
SPY: no setup as of 10:13 | trend up | vwap 767.10 | last low 766.07@0945 high - | close 768.56
QQQ: no setup as of 10:13 | trend up | vwap 741.79 | last low 740.55@0945 high - | close 743.82
equity $6,871.45 | cash $6,871.45 | open 0 | closed 11
--- tick 2026-09-30 10:34:00 EDT (signals as of 10:14) ---
SPY: no setup as of 10:14 | trend up | vwap 767.11 | last low 766.07@0945 high - | close 768.56
QQQ: no setup as of 10:14 | trend up | vwap 741.80 | last low 740.55@0945 high - | close 743.82
equity $6,871.45 | cash $6,871.45 | open 0 | closed 11
--- tick 2026-09-30 10:35:00 EDT (signals as of 10:15) ---
SPY: no setup as of 10:15 | trend up | vwap 767.12 | last low 766.07@0945 high - | close 768.15
QQQ: no setup as of 10:15 | trend up | vwap 741.82 | last low 740.55@0945 high - | close 743.27
equity $6,871.45 | cash $6,871.45 | open 0 | closed 11
--- tick 2026-09-30 10:36:00 EDT (signals as of 10:16) ---
SPY: no setup as of 10:16 | trend up | vwap 767.13 | last low 766.07@0945 high - | close 768.15
QQQ: no setup as of 10:16 | trend up | vwap 741.84 | last low 740.55@0945 high - | close 743.27
equity $6,871.45 | cash $6,871.45 | open 0 | closed 11
--- tick 2026-09-30 10:37:00 EDT (signals as of 10:17) ---
SPY: no setup as of 10:17 | trend up | vwap 767.14 | last low 766.07@0945 high - | close 768.15
QQQ: no setup as of 10:17 | trend up | vwap 741.85 | last low 740.55@0945 high - | close 743.27
equity $6,871.45 | cash $6,871.45 | open 0 | closed 11
--- tick 2026-09-30 10:38:00 EDT (signals as of 10:18) ---
SPY: no setup as of 10:18 | trend up | vwap 767.15 | last low 766.07@0945 high - | close 768.15
QQQ: no setup as of 10:18 | trend up | vwap 741.87 | last low 740.55@0945 high - | close 743.27
equity $6,871.45 | cash $6,871.45 | open 0 | closed 11
--- tick 2026-09-30 10:39:00 EDT (signals as of 10:19) ---
SPY: no setup as of 10:19 | trend up | vwap 767.17 | last low 766.07@0945 high - | close 768.15
QQQ: no setup as of 10:19 | trend up | vwap 741.88 | last low 740.55@0945 high - | close 743.27
equity $6,871.45 | cash $6,871.45 | open 0 | closed 11
--- tick 2026-09-30 10:40:00 EDT (signals as of 10:20) ---
SPY: no setup as of 10:20 | trend up | vwap 767.19 | last low 766.07@0945 high 769.15@1005 | close 768.75
QQQ: no setup as of 10:20 | trend up | vwap 741.89 | last low 740.55@0945 high 744.73@1005 | close 743.74
equity $6,871.45 | cash $6,871.45 | open 0 | closed 11
--- tick 2026-09-30 10:41:00 EDT (signals as of 10:21) ---
SPY: no setup as of 10:21 | trend up | vwap 767.20 | last low 766.07@0945 high 769.15@1005 | close 768.75
QQQ: no setup as of 10:21 | trend up | vwap 741.94 | last low 740.55@0945 high 744.73@1005 | close 743.74
equity $6,871.45 | cash $6,871.45 | open 0 | closed 11
--- tick 2026-09-30 10:42:00 EDT (signals as of 10:22) ---
SPY: no setup as of 10:22 | trend up | vwap 767.21 | last low 766.07@0945 high 769.15@1005 | close 768.75
QQQ: no setup as of 10:22 | trend up | vwap 741.94 | last low 740.55@0945 high 744.73@1005 | close 743.74
equity $6,871.45 | cash $6,871.45 | open 0 | closed 11
--- tick 2026-09-30 10:43:00 EDT (signals as of 10:23) ---
SPY: no setup as of 10:23 | trend up | vwap 767.23 | last low 766.07@0945 high 769.15@1005 | close 768.75
QQQ: no setup as of 10:23 | trend up | vwap 741.95 | last low 740.55@0945 high 744.73@1005 | close 743.74
equity $6,871.45 | cash $6,871.45 | open 0 | closed 11
--- tick 2026-09-30 10:44:00 EDT (signals as of 10:24) ---
SPY: no setup as of 10:24 | trend up | vwap 767.26 | last low 766.07@0945 high 769.15@1005 | close 768.75
QQQ: no setup as of 10:24 | trend up | vwap 741.96 | last low 740.55@0945 high 744.73@1005 | close 743.74
equity $6,871.45 | cash $6,871.45 | open 0 | closed 11
--- tick 2026-09-30 10:45:00 EDT (signals as of 10:25) ---
SPY: no setup as of 10:25 | trend up | vwap 767.27 | last low 766.07@0945 high 769.15@1005 | close 768.44
QQQ: no setup as of 10:25 | trend up | vwap 741.97 | last low 742.65@1010 high 744.73@1005 | close 743.30
equity $6,871.45 | cash $6,871.45 | open 0 | closed 11
--- tick 2026-09-30 10:46:00 EDT (signals as of 10:26) ---
SPY: no setup as of 10:26 | trend up | vwap 767.28 | last low 766.07@0945 high 769.15@1005 | close 768.44
QQQ: no setup as of 10:26 | trend up | vwap 741.98 | last low 742.65@1010 high 744.73@1005 | close 743.30
equity $6,871.45 | cash $6,871.45 | open 0 | closed 11
--- tick 2026-09-30 10:47:00 EDT (signals as of 10:27) ---
SPY: no setup as of 10:27 | trend up | vwap 767.29 | last low 766.07@0945 high 769.15@1005 | close 768.44
QQQ: no setup as of 10:27 | trend up | vwap 742.00 | last low 742.65@1010 high 744.73@1005 | close 743.30
equity $6,871.45 | cash $6,871.45 | open 0 | closed 11
--- tick 2026-09-30 10:48:00 EDT (signals as of 10:28) ---
SPY: no setup as of 10:28 | trend up | vwap 767.29 | last low 766.07@0945 high 769.15@1005 | close 768.44
QQQ: no setup as of 10:28 | trend up | vwap 742.00 | last low 742.65@1010 high 744.73@1005 | close 743.30
equity $6,871.45 | cash $6,871.45 | open 0 | closed 11
--- tick 2026-09-30 10:49:00 EDT (signals as of 10:29) ---
SPY: no setup as of 10:29 | trend up | vwap 767.30 | last low 766.07@0945 high 769.15@1005 | close 768.44
QQQ: no setup as of 10:29 | trend up | vwap 742.01 | last low 742.65@1010 high 744.73@1005 | close 743.30
equity $6,871.45 | cash $6,871.45 | open 0 | closed 11
--- tick 2026-09-30 10:50:00 EDT (signals as of 10:30) ---
SPY: no setup as of 10:30 | trend up | vwap 767.31 | last low 766.07@0945 high 769.15@1005 | close 767.87
QQQ: no setup as of 10:30 | trend up | vwap 742.02 | last low 742.65@1010 high 744.73@1005 | close 743.21
equity $6,871.45 | cash $6,871.45 | open 0 | closed 11
--- tick 2026-09-30 10:51:00 EDT (signals as of 10:31) ---
SPY: no setup as of 10:31 | trend up | vwap 767.31 | last low 766.07@0945 high 769.15@1005 | close 767.87
QQQ: no setup as of 10:31 | trend up | vwap 742.03 | last low 742.65@1010 high 744.73@1005 | close 743.21
equity $6,871.45 | cash $6,871.45 | open 0 | closed 11
--- tick 2026-09-30 10:52:00 EDT (signals as of 10:32) ---
SPY: no setup as of 10:32 | trend up | vwap 767.32 | last low 766.07@0945 high 769.15@1005 | close 767.87
QQQ: no setup as of 10:32 | trend up | vwap 742.03 | last low 742.65@1010 high 744.73@1005 | close 743.21
equity $6,871.45 | cash $6,871.45 | open 0 | closed 11
--- tick 2026-09-30 10:53:00 EDT (signals as of 10:33) ---
SPY: no setup as of 10:33 | trend up | vwap 767.33 | last low 766.07@0945 high 769.15@1005 | close 767.87
QQQ: no setup as of 10:33 | trend up | vwap 742.04 | last low 742.65@1010 high 744.73@1005 | close 743.21
equity $6,871.45 | cash $6,871.45 | open 0 | closed 11
--- tick 2026-09-30 10:54:00 EDT (signals as of 10:34) ---
SPY: no setup as of 10:34 | trend up | vwap 767.33 | last low 766.07@0945 high 769.15@1005 | close 767.87
QQQ: no setup as of 10:34 | trend up | vwap 742.05 | last low 742.65@1010 high 744.73@1005 | close 743.21
equity $6,871.45 | cash $6,871.45 | open 0 | closed 11
--- tick 2026-09-30 10:55:00 EDT (signals as of 10:35) ---
SPY: no setup as of 10:35 | trend up | vwap 767.34 | last low 766.07@0945 high 769.10@1020 | close 767.54
QQQ: no setup as of 10:35 | trend up | vwap 742.05 | last low 742.65@1010 high 744.13@1020 | close 742.38
equity $6,871.45 | cash $6,871.45 | open 0 | closed 11
--- tick 2026-09-30 10:56:00 EDT (signals as of 10:36) ---
SPY: no setup as of 10:36 | trend up | vwap 767.34 | last low 766.07@0945 high 769.10@1020 | close 767.54
QQQ: no setup as of 10:36 | trend up | vwap 742.05 | last low 742.65@1010 high 744.13@1020 | close 742.38
equity $6,871.45 | cash $6,871.45 | open 0 | closed 11
--- tick 2026-09-30 10:57:00 EDT (signals as of 10:37) ---
SPY: no setup as of 10:37 | trend up | vwap 767.34 | last low 766.07@0945 high 769.10@1020 | close 767.54
QQQ: no setup as of 10:37 | trend up | vwap 742.05 | last low 742.65@1010 high 744.13@1020 | close 742.38
equity $6,871.45 | cash $6,871.45 | open 0 | closed 11
--- tick 2026-09-30 10:58:00 EDT (signals as of 10:38) ---
SPY: no setup as of 10:38 | trend up | vwap 767.34 | last low 766.07@0945 high 769.10@1020 | close 767.54
QQQ: no setup as of 10:38 | trend up | vwap 742.05 | last low 742.65@1010 high 744.13@1020 | close 742.38
equity $6,871.45 | cash $6,871.45 | open 0 | closed 11
--- tick 2026-09-30 10:59:00 EDT (signals as of 10:39) ---
SPY: no setup as of 10:39 | trend up | vwap 767.34 | last low 766.07@0945 high 769.10@1020 | close 767.54
QQQ: no setup as of 10:39 | trend up | vwap 742.06 | last low 742.65@1010 high 744.13@1020 | close 742.38
equity $6,871.45 | cash $6,871.45 | open 0 | closed 11
